ARM Linker, 5.03 [Build 76] [MDK-ARM Lite]

==============================================================================

Section Cross References

    startup_stm32f401xc.o(STACK) refers (Special) to heapauxi.o(.text) for __use_two_region_memory
    startup_stm32f401xc.o(HEAP) refers (Special) to heapauxi.o(.text) for __use_two_region_memory
    startup_stm32f401xc.o(RESET) refers (Special) to heapauxi.o(.text) for __use_two_region_memory
    startup_stm32f401xc.o(RESET) refers to startup_stm32f401xc.o(STACK) for __initial_sp
    startup_stm32f401xc.o(RESET) refers to startup_stm32f401xc.o(.text) for Reset_Handler
    startup_stm32f401xc.o(RESET) refers to stm32f4xx_it.o(i.NMI_Handler) for NMI_Handler
    startup_stm32f401xc.o(RESET) refers to stm32f4xx_it.o(i.HardFault_Handler) for HardFault_Handler
    startup_stm32f401xc.o(RESET) refers to stm32f4xx_it.o(i.MemManage_Handler) for MemManage_Handler
    startup_stm32f401xc.o(RESET) refers to stm32f4xx_it.o(i.BusFault_Handler) for BusFault_Handler
    startup_stm32f401xc.o(RESET) refers to stm32f4xx_it.o(i.UsageFault_Handler) for UsageFault_Handler
    startup_stm32f401xc.o(RESET) refers to port.o(.emb_text) for SVC_Handler
    startup_stm32f401xc.o(RESET) refers to stm32f4xx_it.o(i.DebugMon_Handler) for DebugMon_Handler
    startup_stm32f401xc.o(RESET) refers to cmsis_os2.o(i.SysTick_Handler) for SysTick_Handler
    startup_stm32f401xc.o(RESET) refers to stm32f4xx_it.o(i.TIM4_IRQHandler) for TIM4_IRQHandler
    startup_stm32f401xc.o(.text) refers (Special) to heapauxi.o(.text) for __use_two_region_memory
    startup_stm32f401xc.o(.text) refers to system_stm32f4xx.o(i.SystemInit) for SystemInit
    startup_stm32f401xc.o(.text) refers to __main.o(!!!main) for __main
    startup_stm32f401xc.o(.text) refers to startup_stm32f401xc.o(HEAP) for Heap_Mem
    startup_stm32f401xc.o(.text) refers to startup_stm32f401xc.o(STACK) for Stack_Mem
    main.o(i.HAL_TIM_PeriodElapsedCallback) refers to stm32f4xx_hal.o(i.HAL_IncTick) for HAL_IncTick
    main.o(i.SystemClock_Config) refers to rt_memclr_w.o(.text) for __aeabi_memclr4
    main.o(i.SystemClock_Config) refers to stm32f4xx_hal_rcc.o(i.HAL_RCC_OscConfig) for HAL_RCC_OscConfig
    main.o(i.SystemClock_Config) refers to stm32f4xx_hal_rcc.o(i.HAL_RCC_ClockConfig) for HAL_RCC_ClockConfig
    main.o(i.main) refers to stm32f4xx_hal.o(i.HAL_Init) for HAL_Init
    main.o(i.main) refers to main.o(i.SystemClock_Config) for SystemClock_Config
    main.o(i.main) refers to gpio.o(i.MX_GPIO_Init) for MX_GPIO_Init
    main.o(i.main) refers to cmsis_os2.o(i.osKernelInitialize) for osKernelInitialize
    main.o(i.main) refers to freertos.o(i.MX_FREERTOS_Init) for MX_FREERTOS_Init
    main.o(i.main) refers to cmsis_os2.o(i.osKernelStart) for osKernelStart
    freertos.o(i.MX_FREERTOS_Init) refers to cmsis_os2.o(i.osTimerNew) for osTimerNew
    freertos.o(i.MX_FREERTOS_Init) refers to timers.o(i.xTimerCreate) for xTimerCreate
    freertos.o(i.MX_FREERTOS_Init) refers to cmsis_os2.o(i.osThreadNew) for osThreadNew
    freertos.o(i.MX_FREERTOS_Init) refers to freertos.o(.constdata) for .constdata
    freertos.o(i.MX_FREERTOS_Init) refers to freertos.o(i.MyTimerOne_Callback) for MyTimerOne_Callback
    freertos.o(i.MX_FREERTOS_Init) refers to freertos.o(.data) for .data
    freertos.o(i.MX_FREERTOS_Init) refers to freertos.o(i.MyTimerTwo_Callback) for MyTimerTwo_Callback
    freertos.o(i.MX_FREERTOS_Init) refers to freertos.o(i.MyTimer_Callback) for MyTimer_Callback
    freertos.o(i.MX_FREERTOS_Init) refers to freertos.o(i.TaskOne) for TaskOne
    freertos.o(i.MyTimerOne_Callback) refers to freertos.o(.data) for .data
    freertos.o(i.MyTimerTwo_Callback) refers to freertos.o(.data) for .data
    freertos.o(i.MyTimer_Callback) refers to timers.o(i.pvTimerGetTimerID) for pvTimerGetTimerID
    freertos.o(i.MyTimer_Callback) refers to stm32f4xx_hal_gpio.o(i.HAL_GPIO_TogglePin) for HAL_GPIO_TogglePin
    freertos.o(i.TaskOne) refers to cmsis_os2.o(i.osTimerStart) for osTimerStart
    freertos.o(i.TaskOne) refers to cmsis_os2.o(i.osDelay) for osDelay
    freertos.o(i.TaskOne) refers to freertos.o(.data) for .data
    freertos.o(.constdata) refers to freertos.o(.conststring) for .conststring
    stm32f4xx_it.o(i.TIM4_IRQHandler) refers to stm32f4xx_hal_tim.o(i.HAL_TIM_IRQHandler) for HAL_TIM_IRQHandler
    stm32f4xx_it.o(i.TIM4_IRQHandler) refers to stm32f4xx_hal_timebase_tim.o(.bss) for htim4
    stm32f4xx_hal_msp.o(i.HAL_MspInit) refers to stm32f4xx_hal_cortex.o(i.HAL_NVIC_SetPriority) for HAL_NVIC_SetPriority
    stm32f4xx_hal_timebase_tim.o(i.HAL_InitTick) refers to stm32f4xx_hal_cortex.o(i.HAL_NVIC_SetPriority) for HAL_NVIC_SetPriority
    stm32f4xx_hal_timebase_tim.o(i.HAL_InitTick) refers to stm32f4xx_hal_cortex.o(i.HAL_NVIC_EnableIRQ) for HAL_NVIC_EnableIRQ
    stm32f4xx_hal_timebase_tim.o(i.HAL_InitTick) refers to stm32f4xx_hal_rcc.o(i.HAL_RCC_GetClockConfig) for HAL_RCC_GetClockConfig
[...]
    ../clib/angel/boardlib.s                 0x00000000   Number         0  boardshut.o ABSOLUTE
    ../clib/angel/boardlib.s                 0x00000000   Number         0  boardinit3.o ABSOLUTE
    ../clib/angel/boardlib.s                 0x00000000   Number         0  boardinit2.o ABSOLUTE
    ../clib/angel/boardlib.s                 0x00000000   Number         0  boardinit1.o ABSOLUTE
    ../clib/angel/handlers.s                 0x00000000   Number         0  __scatter_copy.o ABSOLUTE
    ../clib/angel/handlers.s                 0x00000000   Number         0  __scatter_zi.o ABSOLUTE
    ../clib/angel/kernel.s                   0x00000000   Number         0  rtentry2.o ABSOLUTE
    ../clib/angel/kernel.s                   0x00000000   Number         0  rtentry4.o ABSOLUTE
    ../clib/angel/kernel.s                   0x00000000   Number         0  rtexit2.o ABSOLUTE
    ../clib/angel/kernel.s                   0x00000000   Number         0  rtexit.o ABSOLUTE
    ../clib/angel/kernel.s                   0x00000000   Number         0  rtentry.o ABSOLUTE
    ../clib/angel/rt.s                       0x00000000   Number         0  aeabi_ldiv0_sigfpe.o ABSOLUTE
    ../clib/angel/rt.s                       0x00000000   Number         0  rt_raise.o ABSOLUTE
    ../clib/angel/rt.s                       0x00000000   Number         0  rt_div0.o ABSOLUTE
    ../clib/angel/rt.s                       0x00000000   Number         0  aeabi_ldiv0.o ABSOLUTE
    ../clib/angel/scatter.s                  0x00000000   Number         0  __scatter.o ABSOLUTE
    ../clib/angel/startup.s                  0x00000000   Number         0  __main.o ABSOLUTE
    ../clib/angel/sys.s                      0x00000000   Number         0  libspace.o ABSOLUTE
    ../clib/angel/sys.s                      0x00000000   Number         0  use_no_semi.o ABSOLUTE
    ../clib/angel/sys.s                      0x00000000   Number         0  indicate_semi.o ABSOLUTE
    ../clib/angel/sys.s                      0x00000000   Number         0  sys_stackheap_outer.o ABSOLUTE
    ../clib/angel/sysapp.c                   0x00000000   Number         0  sys_command.o ABSOLUTE
    ../clib/angel/sysapp.c                   0x00000000   Number         0  sys_wrch.o ABSOLUTE
    ../clib/angel/sysapp.c                   0x00000000   Number         0  sys_exit.o ABSOLUTE
    ../clib/armsys.c                         0x00000000   Number         0  no_argv.o ABSOLUTE
    ../clib/armsys.c                         0x00000000   Number         0  argv_veneer.o ABSOLUTE
    ../clib/armsys.c                         0x00000000   Number         0  _get_argv_nomalloc.o ABSOLUTE
    ../clib/armsys.c                         0x00000000   Number         0  argv_veneer.o ABSOLUTE
    ../clib/heapalloc.c                      0x00000000   Number         0  hrguard.o ABSOLUTE
    ../clib/heapaux.c                        0x00000000   Number         0  heapauxi.o ABSOLUTE
    ../clib/libinit.s                        0x00000000   Number         0  libshutdown2.o ABSOLUTE
    ../clib/libinit.s                        0x00000000   Number         0  libshutdown.o ABSOLUTE
    ../clib/libinit.s                        0x00000000   Number         0  libinit.o ABSOLUTE
    ../clib/libinit.s                        0x00000000   Number         0  libinit2.o ABSOLUTE
    ../clib/longlong.s                       0x00000000   Number         0  lludivv7m.o ABSOLUTE
    ../clib/memcpset.s                       0x00000000   Number         0  aeabi_memset.o ABSOLUTE
    ../clib/memcpset.s                       0x00000000   Number         0  rt_memclr.o ABSOLUTE
    ../clib/memcpset.s                       0x00000000   Number         0  rt_memclr_w.o ABSOLUTE
    ../clib/memcpset.s                       0x00000000   Number         0  memset.o ABSOLUTE
    ../clib/memcpset.s                       0x00000000   Number         0  rt_memcpy_v6.o ABSOLUTE
    ../clib/memcpset.s                       0x00000000   Number         0  rt_memcpy_w.o ABSOLUTE
    ../clib/signal.c                         0x00000000   Number         0  defsig_general.o ABSOLUTE
    ../clib/signal.c                         0x00000000   Number         0  defsig_segv_inner.o ABSOLUTE
    ../clib/signal.c                         0x00000000   Number         0  __raise.o ABSOLUTE
    ../clib/signal.c                         0x00000000   Number         0  defsig_other.o ABSOLUTE
    ../clib/signal.c                         0x00000000   Number         0  defsig_fpe_inner.o ABSOLUTE
    ../clib/signal.c                         0x00000000   Number         0  defsig_rtmem_inner.o ABSOLUTE
    ../clib/signal.c                         0x00000000   Number         0  defsig_exit.o ABSOLUTE
    ../clib/signal.c                         0x00000000   Number         0  defsig_rtred_inner.o ABSOLUTE
    ../clib/signal.c                         0x00000000   Number         0  defsig_abrt_inner.o ABSOLUTE
    ../clib/signal.c                         0x00000000   Number         0  defsig_fpe_formal.o ABSOLUTE
    ../clib/signal.c                         0x00000000   Number         0  defsig_fpe_outer.o ABSOLUTE
    ../clib/signal.c                         0x00000000   Number         0  defsig_rtmem_outer.o ABSOLUTE
    ../clib/signal.c                         0x00000000   Number         0  defsig_rtmem_formal.o ABSOLUTE
    ../clib/signal.c                         0x00000000   Number         0  defsig_stak_inner.o ABSOLUTE
    ../clib/signal.c                         0x00000000   Number         0  defsig_pvfn_inner.o ABSOLUTE
    ../clib/signal.c                         0x00000000   Number         0  defsig_cppl_inner.o ABSOLUTE
    ../clib/signal.s                         0x00000000   Number         0  defsig.o ABSOLUTE
    ../clib/stdlib.c                         0x00000000   Number         0  exit.o ABSOLUTE
    ../fplib/fpinit.s                        0x00000000   Number         0  fpinit.o ABSOLUTE
    ..\Core\Src\freertos.c                   0x00000000   Number         0  freertos.o ABSOLUTE
    ..\Core\Src\gpio.c                       0x00000000   Number         0  gpio.o ABSOLUTE
    ..\Core\Src\main.c                       0x00000000   Number         0  main.o ABSOLUTE
    ..\Core\Src\stm32f4xx_hal_msp.c          0x00000000   Number         0  stm32f4xx_hal_msp.o ABSOLUTE
    ..\Core\Src\stm32f4xx_hal_timebase_tim.c 0x00000000   Number         0  stm32f4xx_hal_timebase_tim.o ABSOLUTE
    ..\Core\Src\stm32f4xx_it.c               0x00000000   Number         0  stm32f4xx_it.o ABSOLUTE
    ..\Core\Src\system_stm32f4xx.c           0x00000000   Number         0  system_stm32f4xx.o ABSOLUTE
    ..\Drivers\STM32F4xx_HAL_Driver\Src\stm32f4xx_hal.c 0x00000000   Number         0  stm32f4xx_hal.o ABSOLUTE
    ..\Drivers\STM32F4xx_HAL_Driver\Src\stm32f4xx_hal_cortex.c 0x00000000   Number         0  stm32f4xx_hal_cortex.o ABSOLUTE
    ..\Drivers\STM32F4xx_HAL_Driver\Src\stm32f4xx_hal_dma.c 0x00000000   Number         0  stm32f4xx_hal_dma.o ABSOLUTE
    ..\Drivers\STM32F4xx_HAL_Driver\Src\stm32f4xx_hal_dma_ex.c 0x00000000   Number         0  stm32f4xx_hal_dma_ex.o ABSOLUTE
    ..\Drivers\STM32F4xx_HAL_Driver\Src\stm32f4xx_hal_exti.c 0x00000000   Number         0  stm32f4xx_hal_exti.o ABSOLUTE
    ..\Drivers\STM32F4xx_HAL_Driver\Src\stm32f4xx_hal_flash.c 0x00000000   Number         0  stm32f4xx_hal_flash.o ABSOLUTE
    ..\Drivers\STM32F4xx_HAL_Driver\Src\stm32f4xx_hal_flash_ex.c 0x00000000   Number         0  stm32f4xx_hal_flash_ex.o ABSOLUTE
    ..\Drivers\STM32F4xx_HAL_Driver\Src\stm32f4xx_hal_flash_ramfunc.c 0x00000000   Number         0  stm32f4xx_hal_flash_ramfunc.o ABSOLUTE
    ..\Drivers\STM32F4xx_HAL_Driver\Src\stm32f4xx_hal_gpio.c 0x00000000   Number         0  stm32f4xx_hal_gpio.o ABSOLUTE
    ..\Drivers\STM32F4xx_HAL_Driver\Src\stm32f4xx_hal_pwr.c 0x00000000   Number         0  stm32f4xx_hal_pwr.o ABSOLUTE
    ..\Drivers\STM32F4xx_HAL_Driver\Src\stm32f4xx_hal_pwr_ex.c 0x00000000   Number         0  stm32f4xx_hal_pwr_ex.o ABSOLUTE
    ..\Drivers\STM32F4xx_HAL_Driver\Src\stm32f4xx_hal_rcc.c 0x00000000   Number         0  stm32f4xx_hal_rcc.o ABSOLUTE
    ..\Drivers\STM32F4xx_HAL_Driver\Src\stm32f4xx_hal_rcc_ex.c 0x00000000   Number         0  stm32f4xx_hal_rcc_ex.o ABSOLUTE
    ..\Drivers\STM32F4xx_HAL_Driver\Src\stm32f4xx_hal_tim.c 0x00000000   Number         0  stm32f4xx_hal_tim.o ABSOLUTE
    ..\Drivers\STM32F4xx_HAL_Driver\Src\stm32f4xx_hal_tim_ex.c 0x00000000   Number         0  stm32f4xx_hal_tim_ex.o ABSOLUTE
    ..\Middlewares\Third_Party\FreeRTOS\Source\CMSIS_RTOS_V2\cmsis_os2.c 0x00000000   Number         0  cmsis_os2.o ABSOLUTE
    ..\Middlewares\Third_Party\FreeRTOS\Source\portable\RVDS\ARM_CM4F\port.c 0x00000000   Number         0  port.o ABSOLUTE
    dc.s                                     0x00000000   Number         0  dc.o ABSOLUTE
    startup_stm32f401xc.s                    0x00000000   Number         0  startup_stm32f401xc.o ABSOLUTE
    RESET                                    0x08000000   Section      404  startup_stm32f401xc.o(RESET)
    !!!main                                  0x08000194   Section        8  __main.o(!!!main)
    !!!scatter                               0x0800019c   Section       52  __scatter.o(!!!scatter)
    !!handler_copy                           0x080001d0   Section       26  __scatter_copy.o(!!handler_copy)
    !!handler_zi                             0x080001ec   Section       28  __scatter_zi.o(!!handler_zi)
    .ARM.Collect$$libinit$$00000000          0x08000208   Section        2  libinit.o(.ARM.Collect$$libinit$$00000000)
    .ARM.Collect$$libinit$$00000001          0x0800020a   Section        4  libinit2.o(.ARM.Collect$$libinit$$00000001)
    .ARM.Collect$$libinit$$00000008          0x0800020e   Section        0  libinit2.o(.ARM.Collect$$libinit$$00000008)
    .ARM.Collect$$libinit$$0000000A          0x0800020e   Section        0  libinit2.o(.ARM.Collect$$libinit$$0000000A)
    .ARM.Collect$$libinit$$0000000C          0x0800020e   Section        0  libinit2.o(.ARM.Collect$$libinit$$0000000C)
    .ARM.Collect$$libinit$$0000000F          0x0800020e   Section        0  libinit2.o(.ARM.Collect$$libinit$$0000000F)
    .ARM.Collect$$libinit$$00000011          0x0800020e   Section        0  libinit2.o(.ARM.Collect$$libinit$$00000011)
    .ARM.Collect$$libinit$$00000013          0x0800020e   Section        0  libinit2.o(.ARM.Collect$$libinit$$00000013)
    .ARM.Collect$$libinit$$00000015          0x0800020e   Section        0  libinit2.o(.ARM.Collect$$libinit$$00000015)
    .ARM.Collect$$libinit$$00000017          0x0800020e   Section        0  libinit2.o(.ARM.Collect$$libinit$$00000017)
    .ARM.Collect$$libinit$$00000019          0x0800020e   Section        0  libinit2.o(.ARM.Collect$$libinit$$00000019)
    .ARM.Collect$$libinit$$0000001B          0x0800020e   Section        0  libinit2.o(.ARM.Collect$$libinit$$0000001B)
    .ARM.Collect$$libinit$$0000001D          0x0800020e   Section        0  libinit2.o(.ARM.Collect$$libinit$$0000001D)
    .ARM.Collect$$libinit$$0000001F          0x0800020e   Section        0  libinit2.o(.ARM.Collect$$libinit$$0000001F)
    .ARM.Collect$$libinit$$00000021          0x0800020e   Section        0  libinit2.o(.ARM.Collect$$libinit$$00000021)
    .ARM.Collect$$libinit$$00000023          0x0800020e   Section        0  libinit2.o(.ARM.Collect$$libinit$$00000023)
    .ARM.Collect$$libinit$$0000002A          0x0800020e   Section        0  libinit2.o(.ARM.Collect$$libinit$$0000002A)
    .ARM.Collect$$libinit$$0000002C          0x0800020e   Section        0  libinit2.o(.ARM.Collect$$libinit$$0000002C)
    .ARM.Collect$$libinit$$0000002E          0x0800020e   Section        0  libinit2.o(.ARM.Collect$$libinit$$0000002E)
    .ARM.Collect$$libinit$$00000030          0x0800020e   Section        0  libinit2.o(.ARM.Collect$$libinit$$00000030)
    .ARM.Collect$$libinit$$00000031          0x0800020e   Section        2  libinit2.o(.ARM.Collect$$libinit$$00000031)
    .ARM.Collect$$libshutdown$$00000000      0x08000210   Section        2  libshutdown.o(.ARM.Collect$$libshutdown$$00000000)
    .ARM.Collect$$libshutdown$$00000003      0x08000212   Section        0  libshutdown2.o(.ARM.Collect$$libshutdown$$00000003)
    .ARM.Collect$$libshutdown$$00000006      0x08000212   Section        0  libshutdown2.o(.ARM.Collect$$libshutdown$$00000006)
    .ARM.Collect$$libshutdown$$00000009      0x08000212   Section        0  libshutdown2.o(.ARM.Collect$$libshutdown$$00000009)
    .ARM.Collect$$libshutdown$$0000000B      0x08000212   Section        0  libshutdown2.o(.ARM.Collect$$libshutdown$$0000000B)
    .ARM.Collect$$libshutdown$$0000000E      0x08000212   Section        0  libshutdown2.o(.ARM.Collect$$libshutdown$$0000000E)
    .ARM.Collect$$libshutdown$$0000000F      0x08000212   Section        2  libshutdown2.o(.ARM.Collect$$libshutdown$$0000000F)
    .ARM.Collect$$rtentry$$00000000          0x08000214   Section        0  rtentry.o(.ARM.Collect$$rtentry$$00000000)
    .ARM.Collect$$rtentry$$00000002          0x08000214   Section        0  rtentry2.o(.ARM.Collect$$rtentry$$00000002)
    .ARM.Collect$$rtentry$$00000004          0x08000214   Section        6  rtentry4.o(.ARM.Collect$$rtentry$$00000004)
    .ARM.Collect$$rtentry$$00000009          0x0800021a   Section        0  rtentry2.o(.ARM.Collect$$rtentry$$00000009)
    .ARM.Collect$$rtentry$$0000000A          0x0800021a   Section        4  rtentry2.o(.ARM.Collect$$rtentry$$0000000A)
    .ARM.Collect$$rtentry$$0000000C          0x0800021e   Section        0  rtentry2.o(.ARM.Collect$$rtentry$$0000000C)
    .ARM.Collect$$rtentry$$0000000D          0x0800021e   Section        8  rtentry2.o(.ARM.Collect$$rtentry$$0000000D)
    .ARM.Collect$$rtexit$$00000000           0x08000226   Section        2  rtexit.o(.ARM.Collect$$rtexit$$00000000)
    .ARM.Collect$$rtexit$$00000002           0x08000228   Section        0  rtexit2.o(.ARM.Collect$$rtexit$$00000002)
    .ARM.Collect$$rtexit$$00000003           0x08000228   Section        4  rtexit2.o(.ARM.Collect$$rtexit$$00000003)
    .ARM.Collect$$rtexit$$00000004           0x0800022c   Section        6  rtexit2.o(.ARM.Collect$$rtexit$$00000004)
    .emb_text                                0x08000234   Section      190  port.o(.emb_text)
    $v0                                      0x08000234   Number         0  port.o(.emb_text)
    .text                                    0x080002f4   Section       64  startup_stm32f401xc.o(.text)
    $v0                                      0x080002f4   Number         0  startup_stm32f401xc.o(.text)
    .text                                    0x08000334   Section      238  lludivv7m.o(.text)
    .text                                    0x08000422   Section      138  rt_memcpy_v6.o(.text)
    .text                                    0x080004ac   Section       16  aeabi_memset.o(.text)
    .text                                    0x080004bc   Section       78  rt_memclr_w.o(.text)
    .text                                    0x0800050a   Section        0  heapauxi.o(.text)
    .text                                    0x08000510   Section      100  rt_memcpy_w.o(.text)
    .text                                    0x08000574   Section       68  rt_memclr.o(.text)
    .text                                    0x080005b8   Section       74  sys_stackheap_outer.o(.text)
    .text                                    0x08000602   Section        0  exit.o(.text)
    .text                                    0x08000610   Section        8  libspace.o(.text)
    .text                                    0x08000618   Section        0  sys_exit.o(.text)
    .text                                    0x08000624   Section        2  use_no_semi.o(.text)
    .text                                    0x08000626   Section        0  indicate_semi.o(.text)
    i.BusFault_Handler                       0x08000626   Section        0  stm32f4xx_it.o(i.BusFault_Handler)
    i.DebugMon_Handler                       0x08000628   Section        0  stm32f4xx_it.o(i.DebugMon_Handler)
    i.HAL_GPIO_TogglePin                     0x0800062a   Section        0  stm32f4xx_hal_gpio.o(i.HAL_GPIO_TogglePin)
    i.HAL_GetTick                            0x0800063c   Section        0  stm32f4xx_hal.o(i.HAL_GetTick)
    i.HAL_IncTick                            0x08000648   Section        0  stm32f4xx_hal.o(i.HAL_IncTick)
    i.HAL_Init                               0x08000658   Section        0  stm32f4xx_hal.o(i.HAL_Init)
    i.HAL_InitTick                           0x0800068c   Section        0  stm32f4xx_hal_timebase_tim.o(i.HAL_InitTick)
    i.HAL_MspInit                            0x08000700   Section        0  stm32f4xx_hal_msp.o(i.HAL_MspInit)
    i.HAL_NVIC_EnableIRQ                     0x08000738   Section        0  stm32f4xx_hal_cortex.o(i.HAL_NVIC_EnableIRQ)
    i.HAL_NVIC_SetPriority                   0x08000754   Section        0  stm32f4xx_hal_cortex.o(i.HAL_NVIC_SetPriority)
    i.HAL_NVIC_SetPriorityGrouping           0x08000794   Section        0  stm32f4xx_hal_cortex.o(i.HAL_NVIC_SetPriorityGrouping)
    i.HAL_RCC_ClockConfig                    0x080007b8   Section        0  stm32f4xx_hal_rcc.o(i.HAL_RCC_ClockConfig)
    i.HAL_RCC_GetClockConfig                 0x080008ec   Section        0  stm32f4xx_hal_rcc.o(i.HAL_RCC_GetClockConfig)
    i.HAL_RCC_GetPCLK1Freq                   0x0800092c   Section        0  stm32f4xx_hal_rcc.o(i.HAL_RCC_GetPCLK1Freq)
    i.HAL_RCC_GetSysClockFreq                0x0800094c   Section        0  stm32f4xx_hal_rcc.o(i.HAL_RCC_GetSysClockFreq)
    i.HAL_RCC_OscConfig                      0x080009b0   Section        0  stm32f4xx_hal_rcc.o(i.HAL_RCC_OscConfig)
    i.HAL_TIMEx_BreakCallback                0x08000d1c   Section        0  stm32f4xx_hal_tim_ex.o(i.HAL_TIMEx_BreakCallback)
    i.HAL_TIMEx_CommutCallback               0x08000d1e   Section        0  stm32f4xx_hal_tim_ex.o(i.HAL_TIMEx_CommutCallback)
    i.HAL_TIM_Base_Init                      0x08000d20   Section        0  stm32f4xx_hal_tim.o(i.HAL_TIM_Base_Init)
    i.HAL_TIM_Base_MspInit                   0x08000d68   Section        0  stm32f4xx_hal_tim.o(i.HAL_TIM_Base_MspInit)
    i.HAL_TIM_Base_Start_IT                  0x08000d6c   Section        0  stm32f4xx_hal_tim.o(i.HAL_TIM_Base_Start_IT)
    i.HAL_TIM_IC_CaptureCallback             0x08000dd8   Section        0  stm32f4xx_hal_tim.o(i.HAL_TIM_IC_CaptureCallback)
    i.HAL_TIM_IRQHandler                     0x08000dda   Section        0  stm32f4xx_hal_tim.o(i.HAL_TIM_IRQHandler)
    i.HAL_TIM_OC_DelayElapsedCallback        0x08000f40   Section        0  stm32f4xx_hal_tim.o(i.HAL_TIM_OC_DelayElapsedCallback)
    i.HAL_TIM_PWM_PulseFinishedCallback      0x08000f42   Section        0  stm32f4xx_hal_tim.o(i.HAL_TIM_PWM_PulseFinishedCallback)
    i.HAL_TIM_PeriodElapsedCallback          0x08000f44   Section        0  main.o(i.HAL_TIM_PeriodElapsedCallback)
    i.HAL_TIM_TriggerCallback                0x08000f58   Section        0  stm32f4xx_hal_tim.o(i.HAL_TIM_TriggerCallback)
    i.HardFault_Handler                      0x08000f5a   Section        0  stm32f4xx_it.o(i.HardFault_Handler)
    i.MX_FREERTOS_Init                       0x08000f5c   Section        0  freertos.o(i.MX_FREERTOS_Init)
    i.MX_GPIO_Init                           0x0800100c   Section        0  gpio.o(i.MX_GPIO_Init)
    i.MemManage_Handler                      0x08001028   Section        0  stm32f4xx_it.o(i.MemManage_Handler)
    i.MyTimerOne_Callback                    0x0800102c   Section        0  freertos.o(i.MyTimerOne_Callback)
    i.MyTimerTwo_Callback                    0x0800103c   Section        0  freertos.o(i.MyTimerTwo_Callback)
    i.MyTimer_Callback                       0x0800104c   Section        0  freertos.o(i.MyTimer_Callback)
    i.NMI_Handler                            0x08001084   Section        0  stm32f4xx_it.o(i.NMI_Handler)
    i.SysTick_Handler                        0x08001086   Section        0  cmsis_os2.o(i.SysTick_Handler)
    i.SystemClock_Config                     0x080010a0   Section        0  main.o(i.SystemClock_Config)
    i.SystemInit                             0x08001120   Section        0  system_stm32f4xx.o(i.SystemInit)
    i.TIM4_IRQHandler                        0x08001130   Section        0  stm32f4xx_it.o(i.TIM4_IRQHandler)
    i.TIM_Base_SetConfig                     0x0800113c   Section        0  stm32f4xx_hal_tim.o(i.TIM_Base_SetConfig)
    i.TaskOne                                0x080011d4   Section        0  freertos.o(i.TaskOne)
    i.TimerCallback                          0x080011f4   Section        0  cmsis_os2.o(i.TimerCallback)
    TimerCallback                            0x080011f5   Thumb Code    24  cmsis_os2.o(i.TimerCallback)
    i.UsageFault_Handler                     0x0800120c   Section        0  stm32f4xx_it.o(i.UsageFault_Handler)
    i.__NVIC_SetPriority                     0x08001210   Section        0  stm32f4xx_hal_cortex.o(i.__NVIC_SetPriority)
    __NVIC_SetPriority                       0x08001211   Thumb Code    22  stm32f4xx_hal_cortex.o(i.__NVIC_SetPriority)
    i.main                                   0x08001230   Section        0  main.o(i.main)
    i.osDelay                                0x0800124a   Section        0  cmsis_os2.o(i.osDelay)
    i.osKernelInitialize                     0x08001264   Section        0  cmsis_os2.o(i.osKernelInitialize)
    i.osKernelStart                          0x08001288   Section        0  cmsis_os2.o(i.osKernelStart)
    i.osThreadNew                            0x080012c0   Section        0  cmsis_os2.o(i.osThreadNew)
    i.osTimerNew                             0x08001348   Section        0  cmsis_os2.o(i.osTimerNew)
    i.osTimerStart                           0x080013c0   Section        0  cmsis_os2.o(i.osTimerStart)
    i.prvAddCurrentTaskToDelayedList         0x080013f4   Section        0  tasks.o(i.prvAddCurrentTaskToDelayedList)
    prvAddCurrentTaskToDelayedList           0x080013f5   Thumb Code    84  tasks.o(i.prvAddCurrentTaskToDelayedList)
    i.prvAddNewTaskToReadyList               0x08001450   Section        0  tasks.o(i.prvAddNewTaskToReadyList)
    prvAddNewTaskToReadyList                 0x08001451   Thumb Code   190  tasks.o(i.prvAddNewTaskToReadyList)
    i.prvCheckForValidListAndQueue           0x08001520   Section        0  timers.o(i.prvCheckForValidListAndQueue)
    prvCheckForValidListAndQueue             0x08001521   Thumb Code    72  timers.o(i.prvCheckForValidListAndQueue)
    i.prvCopyDataFromQueue                   0x08001578   Section        0  queue.o(i.prvCopyDataFromQueue)
    prvCopyDataFromQueue                     0x08001579   Thumb Code    38  queue.o(i.prvCopyDataFromQueue)
    i.prvCopyDataToQueue                     0x0800159e   Section        0  queue.o(i.prvCopyDataToQueue)
    prvCopyDataToQueue                       0x0800159f   Thumb Code   108  queue.o(i.prvCopyDataToQueue)
    i.prvDeleteTCB                           0x0800160a   Section        0  tasks.o(i.prvDeleteTCB)
    prvDeleteTCB                             0x0800160b   Thumb Code    52  tasks.o(i.prvDeleteTCB)
    i.prvHeapInit                            0x08001640   Section        0  heap_4.o(i.prvHeapInit)
    prvHeapInit                              0x08001641   Thumb Code    66  heap_4.o(i.prvHeapInit)
    i.prvIdleTask                            0x0800168c   Section        0  tasks.o(i.prvIdleTask)
    prvIdleTask                              0x0800168d   Thumb Code    82  tasks.o(i.prvIdleTask)
    i.prvInitialiseNewQueue                  0x080016ec   Section        0  queue.o(i.prvInitialiseNewQueue)
    prvInitialiseNewQueue                    0x080016ed   Thumb Code    34  queue.o(i.prvInitialiseNewQueue)
    i.prvInitialiseNewTask                   0x08001710   Section        0  tasks.o(i.prvInitialiseNewTask)
    prvInitialiseNewTask                     0x08001711   Thumb Code   176  tasks.o(i.prvInitialiseNewTask)
    i.prvInitialiseNewTimer                  0x080017c0   Section        0  timers.o(i.prvInitialiseNewTimer)
    prvInitialiseNewTimer                    0x080017c1   Thumb Code    78  timers.o(i.prvInitialiseNewTimer)
    i.prvInsertBlockIntoFreeList             0x08001810   Section        0  heap_4.o(i.prvInsertBlockIntoFreeList)
    prvInsertBlockIntoFreeList               0x08001811   Thumb Code    72  heap_4.o(i.prvInsertBlockIntoFreeList)
    i.prvInsertTimerInActiveList             0x0800185c   Section        0  timers.o(i.prvInsertTimerInActiveList)
    prvInsertTimerInActiveList               0x0800185d   Thumb Code    52  timers.o(i.prvInsertTimerInActiveList)
    i.prvIsQueueEmpty                        0x08001894   Section        0  queue.o(i.prvIsQueueEmpty)
    prvIsQueueEmpty                          0x08001895   Thumb Code    28  queue.o(i.prvIsQueueEmpty)
    i.prvProcessReceivedCommands             0x080018b0   Section        0  timers.o(i.prvProcessReceivedCommands)
    prvProcessReceivedCommands               0x080018b1   Thumb Code   248  timers.o(i.prvProcessReceivedCommands)
    i.prvProcessTimerOrBlockTask             0x080019ac   Section        0  timers.o(i.prvProcessTimerOrBlockTask)
    prvProcessTimerOrBlockTask               0x080019ad   Thumb Code   182  timers.o(i.prvProcessTimerOrBlockTask)
    i.prvResetNextTaskUnblockTime            0x08001a6c   Section        0  tasks.o(i.prvResetNextTaskUnblockTime)
    prvResetNextTaskUnblockTime              0x08001a6d   Thumb Code    26  tasks.o(i.prvResetNextTaskUnblockTime)
    i.prvSampleTimeNow                       0x08001a8c   Section        0  timers.o(i.prvSampleTimeNow)
    prvSampleTimeNow                         0x08001a8d   Thumb Code    36  timers.o(i.prvSampleTimeNow)
    i.prvSwitchTimerLists                    0x08001ab4   Section        0  timers.o(i.prvSwitchTimerLists)
    prvSwitchTimerLists                      0x08001ab5   Thumb Code   104  timers.o(i.prvSwitchTimerLists)
    i.prvTaskExitError                       0x08001b20   Section        0  port.o(i.prvTaskExitError)
    prvTaskExitError                         0x08001b21   Thumb Code    28  port.o(i.prvTaskExitError)
    i.prvTimerTask                           0x08001b40   Section        0  timers.o(i.prvTimerTask)
    prvTimerTask                             0x08001b41   Thumb Code    32  timers.o(i.prvTimerTask)
    i.prvUnlockQueue                         0x08001b64   Section        0  queue.o(i.prvUnlockQueue)
    prvUnlockQueue                           0x08001b65   Thumb Code   106  queue.o(i.prvUnlockQueue)
    i.pvPortMalloc                           0x08001bd0   Section        0  heap_4.o(i.pvPortMalloc)
    i.pvTimerGetTimerID                      0x08001cac   Section        0  timers.o(i.pvTimerGetTimerID)
    i.pxPortInitialiseStack                  0x08001cd0   Section        0  port.o(i.pxPortInitialiseStack)
    i.uxListRemove                           0x08001cfc   Section        0  list.o(i.uxListRemove)
    i.vApplicationGetIdleTaskMemory          0x08001d24   Section        0  cmsis_os2.o(i.vApplicationGetIdleTaskMemory)
    i.vApplicationGetTimerTaskMemory         0x08001d38   Section        0  cmsis_os2.o(i.vApplicationGetTimerTaskMemory)
    i.vListInitialise                        0x08001d50   Section        0  list.o(i.vListInitialise)
    i.vListInitialiseItem                    0x08001d66   Section        0  list.o(i.vListInitialiseItem)
    i.vListInsert                            0x08001d6c   Section        0  list.o(i.vListInsert)
    i.vListInsertEnd                         0x08001d9c   Section        0  list.o(i.vListInsertEnd)
    i.vPortEnterCritical                     0x08001db4   Section        0  port.o(i.vPortEnterCritical)
    i.vPortExitCritical                      0x08001df4   Section        0  port.o(i.vPortExitCritical)
    i.vPortFree                              0x08001e1c   Section        0  heap_4.o(i.vPortFree)
    i.vPortSetupTimerInterrupt               0x08001e80   Section        0  port.o(i.vPortSetupTimerInterrupt)
    i.vPortValidateInterruptPriority         0x08001ea4   Section        0  port.o(i.vPortValidateInterruptPriority)
    i.vQueueAddToRegistry                    0x08001ef8   Section        0  queue.o(i.vQueueAddToRegistry)
    i.vQueueWaitForMessageRestricted         0x08001f20   Section        0  queue.o(i.vQueueWaitForMessageRestricted)
    i.vTaskDelay                             0x08001f68   Section        0  tasks.o(i.vTaskDelay)
    i.vTaskInternalSetTimeOutState           0x08001fb4   Section        0  tasks.o(i.vTaskInternalSetTimeOutState)
    i.vTaskMissedYield                       0x08001fc4   Section        0  tasks.o(i.vTaskMissedYield)
    i.vTaskPlaceOnEventList                  0x08001fd0   Section        0  tasks.o(i.vTaskPlaceOnEventList)
    i.vTaskPlaceOnEventListRestricted        0x08002000   Section        0  tasks.o(i.vTaskPlaceOnEventListRestricted)
    i.vTaskStartScheduler                    0x08002038   Section        0  tasks.o(i.vTaskStartScheduler)
    i.vTaskSuspendAll                        0x080020c0   Section        0  tasks.o(i.vTaskSuspendAll)
    i.vTaskSwitchContext                     0x080020d0   Section        0  tasks.o(i.vTaskSwitchContext)
    i.xPortStartScheduler                    0x08002134   Section        0  port.o(i.xPortStartScheduler)
    i.xPortSysTickHandler                    0x0800222c   Section        0  port.o(i.xPortSysTickHandler)
    i.xQueueGenericCreateStatic              0x08002258   Section        0  queue.o(i.xQueueGenericCreateStatic)
    i.xQueueGenericReset                     0x080022c0   Section        0  queue.o(i.xQueueGenericReset)
    i.xQueueGenericSend                      0x08002348   Section        0  queue.o(i.xQueueGenericSend)
    i.xQueueGenericSendFromISR               0x080024a8   Section        0  queue.o(i.xQueueGenericSendFromISR)
    i.xQueueReceive                          0x08002568   Section        0  queue.o(i.xQueueReceive)
    i.xTaskCheckForTimeOut                   0x080026a0   Section        0  tasks.o(i.xTaskCheckForTimeOut)
    i.xTaskCreate                            0x08002714   Section        0  tasks.o(i.xTaskCreate)
    i.xTaskCreateStatic                      0x0800276e   Section        0  tasks.o(i.xTaskCreateStatic)
    i.xTaskGetSchedulerState                 0x080027c4   Section        0  tasks.o(i.xTaskGetSchedulerState)
    i.xTaskGetTickCount                      0x080027e0   Section        0  tasks.o(i.xTaskGetTickCount)
    i.xTaskIncrementTick                     0x080027ec   Section        0  tasks.o(i.xTaskIncrementTick)
    i.xTaskPriorityDisinherit                0x080028b4   Section        0  tasks.o(i.xTaskPriorityDisinherit)
    i.xTaskRemoveFromEventList               0x08002934   Section        0  tasks.o(i.xTaskRemoveFromEventList)
    i.xTaskResumeAll                         0x080029a4   Section        0  tasks.o(i.xTaskResumeAll)
    i.xTimerCreate                           0x08002a68   Section        0  timers.o(i.xTimerCreate)
    i.xTimerCreateStatic                     0x08002a9c   Section        0  timers.o(i.xTimerCreateStatic)
    i.xTimerCreateTimerTask                  0x08002acc   Section        0  timers.o(i.xTimerCreateTimerTask)
    i.xTimerGenericCommand                   0x08002b2c   Section        0  timers.o(i.xTimerGenericCommand)
    x$fpl$fpinit                             0x08002b94   Section       10  fpinit.o(x$fpl$fpinit)
    $v0                                      0x08002b94   Number         0  fpinit.o(x$fpl$fpinit)
    .constdata                               0x08002ba0   Section       68  freertos.o(.constdata)
    .constdata                               0x08002be4   Section       16  system_stm32f4xx.o(.constdata)
    .constdata                               0x08002bf4   Section        8  system_stm32f4xx.o(.constdata)
    .conststring                             0x08002bfc   Section       29  freertos.o(.conststring)
    .data                                    0x20000000   Section       20  freertos.o(.data)
    .data                                    0x20000014   Section       12  stm32f4xx_hal.o(.data)
    .data                                    0x20000020   Section        4  system_stm32f4xx.o(.data)
    .data                                    0x20000024   Section       60  tasks.o(.data)
    uxDeletedTasksWaitingCleanUp             0x20000028   Data           4  tasks.o(.data)
    uxCurrentNumberOfTasks                   0x2000002c   Data           4  tasks.o(.data)
    xTickCount                               0x20000030   Data           4  tasks.o(.data)
    uxTopReadyPriority                       0x20000034   Data           4  tasks.o(.data)
    xSchedulerRunning                        0x20000038   Data           4  tasks.o(.data)
    xPendedTicks                             0x2000003c   Data           4  tasks.o(.data)
    xYieldPending                            0x20000040   Data           4  tasks.o(.data)
    xNumOfOverflows                          0x20000044   Data           4  tasks.o(.data)
    uxTaskNumber                             0x20000048   Data           4  tasks.o(.data)
    xNextTaskUnblockTime                     0x2000004c   Data           4  tasks.o(.data)
    xIdleTaskHandle                          0x20000050   Data           4  tasks.o(.data)
    uxSchedulerSuspended                     0x20000054   Data           4  tasks.o(.data)
    pxDelayedTaskList                        0x20000058   Data           4  tasks.o(.data)
    pxOverflowDelayedTaskList                0x2000005c   Data           4  tasks.o(.data)
    .data                                    0x20000060   Section       20  timers.o(.data)
    xTimerQueue                              0x20000060   Data           4  timers.o(.data)
    xTimerTaskHandle                         0x20000064   Data           4  timers.o(.data)
    xLastTime                                0x20000068   Data           4  timers.o(.data)
    pxCurrentTimerList                       0x2000006c   Data           4  timers.o(.data)
    pxOverflowTimerList                      0x20000070   Data           4  timers.o(.data)
    .data                                    0x20000074   Section        4  cmsis_os2.o(.data)
    KernelState                              0x20000074   Data           4  cmsis_os2.o(.data)
    .data                                    0x20000078   Section       32  heap_4.o(.data)
    pxEnd                                    0x20000078   Data           4  heap_4.o(.data)
    xFreeBytesRemaining                      0x2000007c   Data           4  heap_4.o(.data)
    xMinimumEverFreeBytesRemaining           0x20000080   Data           4  heap_4.o(.data)
    xNumberOfSuccessfulAllocations           0x20000084   Data           4  heap_4.o(.data)
    xNumberOfSuccessfulFrees                 0x20000088   Data           4  heap_4.o(.data)
    xBlockAllocatedBit                       0x2000008c   Data           4  heap_4.o(.data)
    xStart                                   0x20000090   Data           8  heap_4.o(.data)
    .data                                    0x20000098   Section       12  port.o(.data)
    ucMaxSysCallPriority                     0x20000098   Data           1  port.o(.data)
    uxCriticalNesting                        0x2000009c   Data           4  port.o(.data)
    ulMaxPRIGROUPValue                       0x200000a0   Data           4  port.o(.data)
    .bss                                     0x200000a4   Section       72  stm32f4xx_hal_timebase_tim.o(.bss)
    .bss                                     0x200000ec   Section       64  queue.o(.bss)
    .bss                                     0x2000012c   Section     1220  tasks.o(.bss)
    pxReadyTasksLists                        0x2000012c   Data        1120  tasks.o(.bss)
    xDelayedTaskList1                        0x2000058c   Data          20  tasks.o(.bss)
    xDelayedTaskList2                        0x200005a0   Data          20  tasks.o(.bss)
    xPendingReadyList                        0x200005b4   Data          20  tasks.o(.bss)
    xTasksWaitingTermination                 0x200005c8   Data          20  tasks.o(.bss)
    xSuspendedTaskList                       0x200005dc   Data          20  tasks.o(.bss)
    .bss                                     0x200005f0   Section      280  timers.o(.bss)
    xStaticTimerQueue                        0x200005f0   Data          80  timers.o(.bss)
    ucStaticTimerQueueStorage                0x20000640   Data         160  timers.o(.bss)
    xActiveTimerList1                        0x200006e0   Data          20  timers.o(.bss)
    xActiveTimerList2                        0x200006f4   Data          20  timers.o(.bss)
    .bss                                     0x20000708   Section     1720  cmsis_os2.o(.bss)
    Idle_TCB                                 0x20000708   Data          92  cmsis_os2.o(.bss)
    Idle_Stack                               0x20000764   Data         512  cmsis_os2.o(.bss)
    Timer_TCB                                0x20000964   Data          92  cmsis_os2.o(.bss)
    Timer_Stack                              0x200009c0   Data        1024  cmsis_os2.o(.bss)
    .bss                                     0x20000dc0   Section    15360  heap_4.o(.bss)
    ucHeap                                   0x20000dc0   Data       15360  heap_4.o(.bss)
    .bss                                     0x200049c0   Section       96  libspace.o(.bss)
    HEAP                                     0x20004a20   Section      512  startup_stm32f401xc.o(HEAP)
    Heap_Mem                                 0x20004a20   Data         512  startup_stm32f401xc.o(HEAP)
    STACK                                    0x20004c20   Section     1024  startup_stm32f401xc.o(STACK)
    Stack_Mem                                0x20004c20   Data        1024  startup_stm32f401xc.o(STACK)
    __initial_sp                             0x20005020   Data           0  startup_stm32f401xc.o(STACK)

    Global Symbols

    Symbol Name                              Value     Ov Type        Size  Object(Section)

    BuildAttributes$$THM_ISAv4$E$P$D$K$B$S$7EM$VFPi3$EXTD16$VFPS$VFMA$PE$A:L22UL41UL21$X:L11$S22US41US21$IEEE1$IW$USESV6$~STKCKD$USESV7$~SHL$OSPACE$ROPI$EBA8$UX$STANDARDLIB$REQ8$PRES8$EABIv2 0x00000000   Number         0  anon$$obj.o ABSOLUTE
    __ARM_use_no_argv                        0x00000000   Number         0  main.o ABSOLUTE
    __ARM_exceptions_init                     - Undefined Weak Reference
    __alloca_initialize                       - Undefined Weak Reference
    __cpp_initialize__aeabi_                  - Undefined Weak Reference
    __cxa_finalize                            - Undefined Weak Reference
    __rt_locale                               - Undefined Weak Reference
    __sigvec_lookup                           - Undefined Weak Reference
    _atexit_init                              - Undefined Weak Reference
    _call_atexit_fns                          - Undefined Weak Reference
    _clock_init                               - Undefined Weak Reference
    _fp_trap_init                             - Undefined Weak Reference
    _fp_trap_shutdown                         - Undefined Weak Reference
    _get_lc_collate                           - Undefined Weak Reference
    _get_lc_ctype                             - Undefined Weak Reference
    _get_lc_monetary                          - Undefined Weak Reference
    _get_lc_numeric                           - Undefined Weak Reference
    _get_lc_time                              - Undefined Weak Reference
    _getenv_init                              - Undefined Weak Reference
    _handle_redirection                       - Undefined Weak Reference
    _init_alloc                               - Undefined Weak Reference
    _init_user_alloc                          - Undefined Weak Reference
    _initio                                   - Undefined Weak Reference
    _rand_init                                - Undefined Weak Reference
    _signal_finish                            - Undefined Weak Reference
    _signal_init                              - Undefined Weak Reference
    _terminate_alloc                          - Undefined Weak Reference
    _terminate_user_alloc                     - Undefined Weak Reference
    _terminateio                              - Undefined Weak Reference
    __Vectors_Size                           0x00000194   Number         0  startup_stm32f401xc.o ABSOLUTE
    __Vectors                                0x08000000   Data           4  startup_stm32f401xc.o(RESET)
    __Vectors_End                            0x08000194   Data           0  startup_stm32f401xc.o(RESET)
    __main                                   0x08000195   Thumb Code     8  __main.o(!!!main)
    __scatterload                            0x0800019d   Thumb Code     0  __scatter.o(!!!scatter)
    __scatterload_rt2                        0x0800019d   Thumb Code    44  __scatter.o(!!!scatter)
    __scatterload_rt2_thumb_only             0x0800019d   Thumb Code     0  __scatter.o(!!!scatter)
    __scatterload_null                       0x080001ab   Thumb Code     0  __scatter.o(!!!scatter)
    __scatterload_copy                       0x080001d1   Thumb Code    26  __scatter_copy.o(!!handler_copy)
    __scatterload_zeroinit                   0x080001ed   Thumb Code    28  __scatter_zi.o(!!handler_zi)
    __rt_lib_init                            0x08000209   Thumb Code     0  libinit.o(.ARM.Collect$$libinit$$00000000)
    __rt_lib_init_fp_1                       0x0800020b   Thumb Code     0  libinit2.o(.ARM.Collect$$libinit$$00000001)
    __rt_lib_init_alloca_1                   0x0800020f   Thumb Code     0  libinit2.o(.ARM.Collect$$libinit$$0000002C)
    __rt_lib_init_argv_1                     0x0800020f   Thumb Code     0  libinit2.o(.ARM.Collect$$libinit$$0000002A)
    __rt_lib_init_atexit_1                   0x0800020f   Thumb Code     0  libinit2.o(.ARM.Collect$$libinit$$00000019)
    __rt_lib_init_clock_1                    0x0800020f   Thumb Code     0  libinit2.o(.ARM.Collect$$libinit$$0000001F)
    __rt_lib_init_cpp_1                      0x0800020f   Thumb Code     0  libinit2.o(.ARM.Collect$$libinit$$00000030)
    __rt_lib_init_exceptions_1               0x0800020f   Thumb Code     0  libinit2.o(.ARM.Collect$$libinit$$0000002E)
    __rt_lib_init_fp_trap_1                  0x0800020f   Thumb Code     0  libinit2.o(.ARM.Collect$$libinit$$0000001D)
    __rt_lib_init_getenv_1                   0x0800020f   Thumb Code     0  libinit2.o(.ARM.Collect$$libinit$$00000021)
    __rt_lib_init_heap_1                     0x0800020f   Thumb Code     0  libinit2.o(.ARM.Collect$$libinit$$00000008)
    __rt_lib_init_lc_collate_1               0x0800020f   Thumb Code     0  libinit2.o(.ARM.Collect$$libinit$$0000000F)
    __rt_lib_init_lc_ctype_1                 0x0800020f   Thumb Code     0  libinit2.o(.ARM.Collect$$libinit$$00000011)
    __rt_lib_init_lc_monetary_1              0x0800020f   Thumb Code     0  libinit2.o(.ARM.Collect$$libinit$$00000013)
    __rt_lib_init_lc_numeric_1               0x0800020f   Thumb Code     0  libinit2.o(.ARM.Collect$$libinit$$00000015)
    __rt_lib_init_lc_time_1                  0x0800020f   Thumb Code     0  libinit2.o(.ARM.Collect$$libinit$$00000017)
    __rt_lib_init_rand_1                     0x0800020f   Thumb Code     0  libinit2.o(.ARM.Collect$$libinit$$0000000C)
    __rt_lib_init_return                     0x0800020f   Thumb Code     0  libinit2.o(.ARM.Collect$$libinit$$00000031)
    __rt_lib_init_signal_1                   0x0800020f   Thumb Code     0  libinit2.o(.ARM.Collect$$libinit$$0000001B)
    __rt_lib_init_stdio_1                    0x0800020f   Thumb Code     0  libinit2.o(.ARM.Collect$$libinit$$00000023)
    __rt_lib_init_user_alloc_1               0x0800020f   Thumb Code     0  libinit2.o(.ARM.Collect$$libinit$$0000000A)
    __rt_lib_shutdown                        0x08000211   Thumb Code     0  libshutdown.o(.ARM.Collect$$libshutdown$$00000000)
    __rt_lib_shutdown_fp_trap_1              0x08000213   Thumb Code     0  libshutdown2.o(.ARM.Collect$$libshutdown$$00000006)
    __rt_lib_shutdown_heap_1                 0x08000213   Thumb Code     0  libshutdown2.o(.ARM.Collect$$libshutdown$$0000000E)
    __rt_lib_shutdown_return                 0x08000213   Thumb Code     0  libshutdown2.o(.ARM.Collect$$libshutdown$$0000000F)
    __rt_lib_shutdown_signal_1               0x08000213   Thumb Code     0  libshutdown2.o(.ARM.Collect$$libshutdown$$00000009)
    __rt_lib_shutdown_stdio_1                0x08000213   Thumb Code     0  libshutdown2.o(.ARM.Collect$$libshutdown$$00000003)
    __rt_lib_shutdown_user_alloc_1           0x08000213   Thumb Code     0  libshutdown2.o(.ARM.Collect$$libshutdown$$0000000B)
    __rt_entry                               0x08000215   Thumb Code     0  rtentry.o(.ARM.Collect$$rtentry$$00000000)
    __rt_entry_presh_1                       0x08000215   Thumb Code     0  rtentry2.o(.ARM.Collect$$rtentry$$00000002)
    __rt_entry_sh                            0x08000215   Thumb Code     0  rtentry4.o(.ARM.Collect$$rtentry$$00000004)
    __rt_entry_li                            0x0800021b   Thumb Code     0  rtentry2.o(.ARM.Collect$$rtentry$$0000000A)
    __rt_entry_postsh_1                      0x0800021b   Thumb Code     0  rtentry2.o(.ARM.Collect$$rtentry$$00000009)
    __rt_entry_main                          0x0800021f   Thumb Code     0  rtentry2.o(.ARM.Collect$$rtentry$$0000000D)
    __rt_entry_postli_1                      0x0800021f   Thumb Code     0  rtentry2.o(.ARM.Collect$$rtentry$$0000000C)
    __rt_exit                                0x08000227   Thumb Code     0  rtexit.o(.ARM.Collect$$rtexit$$00000000)
    __rt_exit_ls                             0x08000229   Thumb Code     0  rtexit2.o(.ARM.Collect$$rtexit$$00000003)
    __rt_exit_prels_1                        0x08000229   Thumb Code     0  rtexit2.o(.ARM.Collect$$rtexit$$00000002)
    __rt_exit_exit                           0x0800022d   Thumb Code     0  rtexit2.o(.ARM.Collect$$rtexit$$00000004)
    SVC_Handler                              0x08000235   Thumb Code    28  port.o(.emb_text)
    __asm___6_port_c_39a90d8d__prvStartFirstTask 0x08000255   Thumb Code    36  port.o(.emb_text)
    __asm___6_port_c_39a90d8d__prvEnableVFP  0x0800027d   Thumb Code    16  port.o(.emb_text)
    PendSV_Handler                           0x08000291   Thumb Code    88  port.o(.emb_text)
    vPortGetIPSR                             0x080002ed   Thumb Code     6  port.o(.emb_text)
    Reset_Handler                            0x080002f5   Thumb Code     8  startup_stm32f401xc.o(.text)
    ADC_IRQHandler                           0x0800030f   Thumb Code     0  startup_stm32f401xc.o(.text)
    DMA1_Stream0_IRQHandler                  0x0800030f   Thumb Code     0  startup_stm32f401xc.o(.text)
    DMA1_Stream1_IRQHandler                  0x0800030f   Thumb Code     0  startup_stm32f401xc.o(.text)
    DMA1_Stream2_IRQHandler                  0x0800030f   Thumb Code     0  startup_stm32f401xc.o(.text)
    DMA1_Stream3_IRQHandler                  0x0800030f   Thumb Code     0  startup_stm32f401xc.o(.text)
    DMA1_Stream4_IRQHandler                  0x0800030f   Thumb Code     0  startup_stm32f401xc.o(.text)
    DMA1_Stream5_IRQHandler                  0x0800030f   Thumb Code     0  startup_stm32f401xc.o(.text)
    DMA1_Stream6_IRQHandler                  0x0800030f   Thumb Code     0  startup_stm32f401xc.o(.text)
    DMA1_Stream7_IRQHandler                  0x0800030f   Thumb Code     0  startup_stm32f401xc.o(.text)
    DMA2_Stream0_IRQHandler                  0x0800030f   Thumb Code     0  startup_stm32f401xc.o(.text)
    DMA2_Stream1_IRQHandler                  0x0800030f   Thumb Code     0  startup_stm32f401xc.o(.text)
    DMA2_Stream2_IRQHandler                  0x0800030f   Thumb Code     0  startup_stm32f401xc.o(.text)
    DMA2_Stream3_IRQHandler                  0x0800030f   Thumb Code     0  startup_stm32f401xc.o(.text)
    DMA2_Stream4_IRQHandler                  0x0800030f   Thumb Code     0  startup_stm32f401xc.o(.text)
    DMA2_Stream5_IRQHandler                  0x0800030f   Thumb Code     0  startup_stm32f401xc.o(.text)
    DMA2_Stream6_IRQHandler                  0x0800030f   Thumb Code     0  startup_stm32f401xc.o(.text)
    DMA2_Stream7_IRQHandler                  0x0800030f   Thumb Code     0  startup_stm32f401xc.o(.text)
    EXTI0_IRQHandler                         0x0800030f   Thumb Code     0  startup_stm32f401xc.o(.text)
    EXTI15_10_IRQHandler                     0x0800030f   Thumb Code     0  startup_stm32f401xc.o(.text)
    EXTI1_IRQHandler                         0x0800030f   Thumb Code     0  startup_stm32f401xc.o(.text)
    EXTI2_IRQHandler                         0x0800030f   Thumb Code     0  startup_stm32f401xc.o(.text)
    EXTI3_IRQHandler                         0x0800030f   Thumb Code     0  startup_stm32f401xc.o(.text)
    EXTI4_IRQHandler                         0x0800030f   Thumb Code     0  startup_stm32f401xc.o(.text)
    EXTI9_5_IRQHandler                       0x0800030f   Thumb Code     0  startup_stm32f401xc.o(.text)
    FLASH_IRQHandler                         0x0800030f   Thumb Code     0  startup_stm32f401xc.o(.text)
    FPU_IRQHandler                           0x0800030f   Thumb Code     0  startup_stm32f401xc.o(.text)
    I2C1_ER_IRQHandler                       0x0800030f   Thumb Code     0  startup_stm32f401xc.o(.text)
    I2C1_EV_IRQHandler                       0x0800030f   Thumb Code     0  startup_stm32f401xc.o(.text)
    I2C2_ER_IRQHandler                       0x0800030f   Thumb Code     0  startup_stm32f401xc.o(.text)
    I2C2_EV_IRQHandler                       0x0800030f   Thumb Code     0  startup_stm32f401xc.o(.text)
    I2C3_ER_IRQHandler                       0x0800030f   Thumb Code     0  startup_stm32f401xc.o(.text)
    I2C3_EV_IRQHandler                       0x0800030f   Thumb Code     0  startup_stm32f401xc.o(.text)
    OTG_FS_IRQHandler                        0x0800030f   Thumb Code     0  startup_stm32f401xc.o(.text)
    OTG_FS_WKUP_IRQHandler                   0x0800030f   Thumb Code     0  startup_stm32f401xc.o(.text)
    PVD_IRQHandler                           0x0800030f   Thumb Code     0  startup_stm32f401xc.o(.text)
    RCC_IRQHandler                           0x0800030f   Thumb Code     0  startup_stm32f401xc.o(.text)
    RTC_Alarm_IRQHandler                     0x0800030f   Thumb Code     0  startup_stm32f401xc.o(.text)
    RTC_WKUP_IRQHandler                      0x0800030f   Thumb Code     0  startup_stm32f401xc.o(.text)
    SDIO_IRQHandler                          0x0800030f   Thumb Code     0  startup_stm32f401xc.o(.text)
    SPI1_IRQHandler                          0x0800030f   Thumb Code     0  startup_stm32f401xc.o(.text)
    SPI2_IRQHandler                          0x0800030f   Thumb Code     0  startup_stm32f401xc.o(.text)
    SPI3_IRQHandler                          0x0800030f   Thumb Code     0  startup_stm32f401xc.o(.text)
    SPI4_IRQHandler                          0x0800030f   Thumb Code     0  startup_stm32f401xc.o(.text)
    TAMP_STAMP_IRQHandler                    0x0800030f   Thumb Code     0  startup_stm32f401xc.o(.text)
    TIM1_BRK_TIM9_IRQHandler                 0x0800030f   Thumb Code     0  startup_stm32f401xc.o(.text)
    TIM1_CC_IRQHandler                       0x0800030f   Thumb Code     0  startup_stm32f401xc.o(.text)
    TIM1_TRG_COM_TIM11_IRQHandler            0x0800030f   Thumb Code     0  startup_stm32f401xc.o(.text)
    TIM1_UP_TIM10_IRQHandler                 0x0800030f   Thumb Code     0  startup_stm32f401xc.o(.text)
    TIM2_IRQHandler                          0x0800030f   Thumb Code     0  startup_stm32f401xc.o(.text)
    TIM3_IRQHandler                          0x0800030f   Thumb Code     0  startup_stm32f401xc.o(.text)
    TIM5_IRQHandler                          0x0800030f   Thumb Code     0  startup_stm32f401xc.o(.text)
    USART1_IRQHandler                        0x0800030f   Thumb Code     0  startup_stm32f401xc.o(.text)
    USART2_IRQHandler                        0x0800030f   Thumb Code     0  startup_stm32f401xc.o(.text)
    USART6_IRQHandler                        0x0800030f   Thumb Code     0  startup_stm32f401xc.o(.text)
    WWDG_IRQHandler                          0x0800030f   Thumb Code     0  startup_stm32f401xc.o(.text)
    __user_initial_stackheap                 0x08000311   Thumb Code     0  startup_stm32f401xc.o(.text)
    __aeabi_uldivmod                         0x08000335   Thumb Code     0  lludivv7m.o(.text)
    _ll_udiv                                 0x08000335   Thumb Code   238  lludivv7m.o(.text)
    __aeabi_memcpy                           0x08000423   Thumb Code     0  rt_memcpy_v6.o(.text)
    __rt_memcpy                              0x08000423   Thumb Code   138  rt_memcpy_v6.o(.text)
    _memcpy_lastbytes                        0x08000489   Thumb Code     0  rt_memcpy_v6.o(.text)
    __aeabi_memset                           0x080004ad   Thumb Code    16  aeabi_memset.o(.text)
    __aeabi_memclr4                          0x080004bd   Thumb Code     0  rt_memclr_w.o(.text)
    __aeabi_memclr8                          0x080004bd   Thumb Code     0  rt_memclr_w.o(.text)
    __rt_memclr_w                            0x080004bd   Thumb Code    78  rt_memclr_w.o(.text)
    _memset_w                                0x080004c1   Thumb Code     0  rt_memclr_w.o(.text)
    __use_two_region_memory                  0x0800050b   Thumb Code     2  heapauxi.o(.text)
    __rt_heap_escrow$2region                 0x0800050d   Thumb Code     2  heapauxi.o(.text)
    __rt_heap_expand$2region                 0x0800050f   Thumb Code     2  heapauxi.o(.text)
    __aeabi_memcpy4                          0x08000511   Thumb Code     0  rt_memcpy_w.o(.text)
    __aeabi_memcpy8                          0x08000511   Thumb Code     0  rt_memcpy_w.o(.text)
    __rt_memcpy_w                            0x08000511   Thumb Code   100  rt_memcpy_w.o(.text)
    _memcpy_lastbytes_aligned                0x08000559   Thumb Code     0  rt_memcpy_w.o(.text)
    __aeabi_memclr                           0x08000575   Thumb Code     0  rt_memclr.o(.text)
    __rt_memclr                              0x08000575   Thumb Code    68  rt_memclr.o(.text)
    _memset                                  0x08000579   Thumb Code     0  rt_memclr.o(.text)
    __user_setup_stackheap                   0x080005b9   Thumb Code    74  sys_stackheap_outer.o(.text)
    exit                                     0x08000603   Thumb Code    12  exit.o(.text)
    __user_libspace                          0x08000611   Thumb Code     8  libspace.o(.text)
    __user_perproc_libspace                  0x08000611   Thumb Code     0  libspace.o(.text)
    __user_perthread_libspace                0x08000611   Thumb Code     0  libspace.o(.text)
    _sys_exit                                0x08000619   Thumb Code     8  sys_exit.o(.text)
    __I$use$semihosting                      0x08000625   Thumb Code     0  use_no_semi.o(.text)
    __use_no_semihosting_swi                 0x08000625   Thumb Code     2  use_no_semi.o(.text)
    BusFault_Handler                         0x08000627   Thumb Code     2  stm32f4xx_it.o(i.BusFault_Handler)
    __semihosting_library_function           0x08000627   Thumb Code     0  indicate_semi.o(.text)
    DebugMon_Handler                         0x08000629   Thumb Code     2  stm32f4xx_it.o(i.DebugMon_Handler)
    HAL_GPIO_TogglePin                       0x0800062b   Thumb Code    16  stm32f4xx_hal_gpio.o(i.HAL_GPIO_TogglePin)
    HAL_GetTick                              0x0800063d   Thumb Code     6  stm32f4xx_hal.o(i.HAL_GetTick)
    HAL_IncTick                              0x08000649   Thumb Code    12  stm32f4xx_hal.o(i.HAL_IncTick)
    HAL_Init                                 0x08000659   Thumb Code    48  stm32f4xx_hal.o(i.HAL_Init)
    HAL_InitTick                             0x0800068d   Thumb Code    98  stm32f4xx_hal_timebase_tim.o(i.HAL_InitTick)
    HAL_MspInit                              0x08000701   Thumb Code    52  stm32f4xx_hal_msp.o(i.HAL_MspInit)
    HAL_NVIC_EnableIRQ                       0x08000739   Thumb Code    28  stm32f4xx_hal_cortex.o(i.HAL_NVIC_EnableIRQ)
    HAL_NVIC_SetPriority                     0x08000755   Thumb Code    60  stm32f4xx_hal_cortex.o(i.HAL_NVIC_SetPriority)
    HAL_NVIC_SetPriorityGrouping             0x08000795   Thumb Code    26  stm32f4xx_hal_cortex.o(i.HAL_NVIC_SetPriorityGrouping)
    HAL_RCC_ClockConfig                      0x080007b9   Thumb Code   288  stm32f4xx_hal_rcc.o(i.HAL_RCC_ClockConfig)
    HAL_RCC_GetClockConfig                   0x080008ed   Thumb Code    54  stm32f4xx_hal_rcc.o(i.HAL_RCC_GetClockConfig)
    HAL_RCC_GetPCLK1Freq                     0x0800092d   Thumb Code    20  stm32f4xx_hal_rcc.o(i.HAL_RCC_GetPCLK1Freq)
    HAL_RCC_GetSysClockFreq                  0x0800094d   Thumb Code    88  stm32f4xx_hal_rcc.o(i.HAL_RCC_GetSysClockFreq)
    HAL_RCC_OscConfig                        0x080009b1   Thumb Code   856  stm32f4xx_hal_rcc.o(i.HAL_RCC_OscConfig)
    HAL_TIMEx_BreakCallback                  0x08000d1d   Thumb Code     2  stm32f4xx_hal_tim_ex.o(i.HAL_TIMEx_BreakCallback)
    HAL_TIMEx_CommutCallback                 0x08000d1f   Thumb Code     2  stm32f4xx_hal_tim_ex.o(i.HAL_TIMEx_CommutCallback)
    HAL_TIM_Base_Init                        0x08000d21   Thumb Code    72  stm32f4xx_hal_tim.o(i.HAL_TIM_Base_Init)
    HAL_TIM_Base_MspInit                     0x08000d69   Thumb Code     2  stm32f4xx_hal_tim.o(i.HAL_TIM_Base_MspInit)
    HAL_TIM_Base_Start_IT                    0x08000d6d   Thumb Code    88  stm32f4xx_hal_tim.o(i.HAL_TIM_Base_Start_IT)
    HAL_TIM_IC_CaptureCallback               0x08000dd9   Thumb Code     2  stm32f4xx_hal_tim.o(i.HAL_TIM_IC_CaptureCallback)
    HAL_TIM_IRQHandler                       0x08000ddb   Thumb Code   358  stm32f4xx_hal_tim.o(i.HAL_TIM_IRQHandler)
    HAL_TIM_OC_DelayElapsedCallback          0x08000f41   Thumb Code     2  stm32f4xx_hal_tim.o(i.HAL_TIM_OC_DelayElapsedCallback)
    HAL_TIM_PWM_PulseFinishedCallback        0x08000f43   Thumb Code     2  stm32f4xx_hal_tim.o(i.HAL_TIM_PWM_PulseFinishedCallback)
    HAL_TIM_PeriodElapsedCallback            0x08000f45   Thumb Code    14  main.o(i.HAL_TIM_PeriodElapsedCallback)
    HAL_TIM_TriggerCallback                  0x08000f59   Thumb Code     2  stm32f4xx_hal_tim.o(i.HAL_TIM_TriggerCallback)
    HardFault_Handler                        0x08000f5b   Thumb Code     2  stm32f4xx_it.o(i.HardFault_Handler)
    MX_FREERTOS_Init                         0x08000f5d   Thumb Code   120  freertos.o(i.MX_FREERTOS_Init)
    MX_GPIO_Init                             0x0800100d   Thumb Code    22  gpio.o(i.MX_GPIO_Init)
    MemManage_Handler                        0x08001029   Thumb Code     2  stm32f4xx_it.o(i.MemManage_Handler)
    MyTimerOne_Callback                      0x0800102d   Thumb Code    12  freertos.o(i.MyTimerOne_Callback)
    MyTimerTwo_Callback                      0x0800103d   Thumb Code    12  freertos.o(i.MyTimerTwo_Callback)
    MyTimer_Callback                         0x0800104d   Thumb Code    50  freertos.o(i.MyTimer_Callback)
    NMI_Handler                              0x08001085   Thumb Code     2  stm32f4xx_it.o(i.NMI_Handler)
    SysTick_Handler                          0x08001087   Thumb Code    26  cmsis_os2.o(i.SysTick_Handler)
    SystemClock_Config                       0x080010a1   Thumb Code   120  main.o(i.SystemClock_Config)
    SystemInit                               0x08001121   Thumb Code    12  system_stm32f4xx.o(i.SystemInit)
    TIM4_IRQHandler                          0x08001131   Thumb Code     6  stm32f4xx_it.o(i.TIM4_IRQHandler)
    TIM_Base_SetConfig                       0x0800113d   Thumb Code   122  stm32f4xx_hal_tim.o(i.TIM_Base_SetConfig)
    TaskOne                                  0x080011d5   Thumb Code    26  freertos.o(i.TaskOne)
    UsageFault_Handler                       0x0800120d   Thumb Code     2  stm32f4xx_it.o(i.UsageFault_Handler)
    main                                     0x08001231   Thumb Code    26  main.o(i.main)
    osDelay                                  0x0800124b   Thumb Code    26  cmsis_os2.o(i.osDelay)
    osKernelInitialize                       0x08001265   Thumb Code    32  cmsis_os2.o(i.osKernelInitialize)
    osKernelStart                            0x08001289   Thumb Code    46  cmsis_os2.o(i.osKernelStart)
    osThreadNew                              0x080012c1   Thumb Code   136  cmsis_os2.o(i.osThreadNew)
    osTimerNew                               0x08001349   Thumb Code   116  cmsis_os2.o(i.osTimerNew)
    osTimerStart                             0x080013c1   Thumb Code    50  cmsis_os2.o(i.osTimerStart)
    pvPortMalloc                             0x08001bd1   Thumb Code   216  heap_4.o(i.pvPortMalloc)
    pvTimerGetTimerID                        0x08001cad   Thumb Code    36  timers.o(i.pvTimerGetTimerID)
    pxPortInitialiseStack                    0x08001cd1   Thumb Code    40  port.o(i.pxPortInitialiseStack)
    uxListRemove                             0x08001cfd   Thumb Code    38  list.o(i.uxListRemove)
    vApplicationGetIdleTaskMemory            0x08001d25   Thumb Code    16  cmsis_os2.o(i.vApplicationGetIdleTaskMemory)
    vApplicationGetTimerTaskMemory           0x08001d39   Thumb Code    18  cmsis_os2.o(i.vApplicationGetTimerTaskMemory)
    vListInitialise                          0x08001d51   Thumb Code    22  list.o(i.vListInitialise)
    vListInitialiseItem                      0x08001d67   Thumb Code     6  list.o(i.vListInitialiseItem)
    vListInsert                              0x08001d6d   Thumb Code    48  list.o(i.vListInsert)
    vListInsertEnd                           0x08001d9d   Thumb Code    24  list.o(i.vListInsertEnd)
    vPortEnterCritical                       0x08001db5   Thumb Code    54  port.o(i.vPortEnterCritical)
    vPortExitCritical                        0x08001df5   Thumb Code    34  port.o(i.vPortExitCritical)
    vPortFree                                0x08001e1d   Thumb Code    94  heap_4.o(i.vPortFree)
    vPortSetupTimerInterrupt                 0x08001e81   Thumb Code    32  port.o(i.vPortSetupTimerInterrupt)
    vPortValidateInterruptPriority           0x08001ea5   Thumb Code    76  port.o(i.vPortValidateInterruptPriority)
    vQueueAddToRegistry                      0x08001ef9   Thumb Code    34  queue.o(i.vQueueAddToRegistry)
    vQueueWaitForMessageRestricted           0x08001f21   Thumb Code    70  queue.o(i.vQueueWaitForMessageRestricted)
    vTaskDelay                               0x08001f69   Thumb Code    66  tasks.o(i.vTaskDelay)
    vTaskInternalSetTimeOutState             0x08001fb5   Thumb Code    12  tasks.o(i.vTaskInternalSetTimeOutState)
    vTaskMissedYield                         0x08001fc5   Thumb Code     8  tasks.o(i.vTaskMissedYield)
    vTaskPlaceOnEventList                    0x08001fd1   Thumb Code    44  tasks.o(i.vTaskPlaceOnEventList)
    vTaskPlaceOnEventListRestricted          0x08002001   Thumb Code    52  tasks.o(i.vTaskPlaceOnEventListRestricted)
    vTaskStartScheduler                      0x08002039   Thumb Code   118  tasks.o(i.vTaskStartScheduler)
    vTaskSuspendAll                          0x080020c1   Thumb Code    10  tasks.o(i.vTaskSuspendAll)
    vTaskSwitchContext                       0x080020d1   Thumb Code    90  tasks.o(i.vTaskSwitchContext)
    xPortStartScheduler                      0x08002135   Thumb Code   226  port.o(i.xPortStartScheduler)
    xPortSysTickHandler                      0x0800222d   Thumb Code    38  port.o(i.xPortSysTickHandler)
    xQueueGenericCreateStatic                0x08002259   Thumb Code   102  queue.o(i.xQueueGenericCreateStatic)
    xQueueGenericReset                       0x080022c1   Thumb Code   132  queue.o(i.xQueueGenericReset)
    xQueueGenericSend                        0x08002349   Thumb Code   346  queue.o(i.xQueueGenericSend)
    xQueueGenericSendFromISR                 0x080024a9   Thumb Code   190  queue.o(i.xQueueGenericSendFromISR)
    xQueueReceive                            0x08002569   Thumb Code   308  queue.o(i.xQueueReceive)
    xTaskCheckForTimeOut                     0x080026a1   Thumb Code   112  tasks.o(i.xTaskCheckForTimeOut)
    xTaskCreate                              0x08002715   Thumb Code    90  tasks.o(i.xTaskCreate)
    xTaskCreateStatic                        0x0800276f   Thumb Code    86  tasks.o(i.xTaskCreateStatic)
    xTaskGetSchedulerState                   0x080027c5   Thumb Code    22  tasks.o(i.xTaskGetSchedulerState)
    xTaskGetTickCount                        0x080027e1   Thumb Code     6  tasks.o(i.xTaskGetTickCount)
    xTaskIncrementTick                       0x080027ed   Thumb Code   192  tasks.o(i.xTaskIncrementTick)
    xTaskPriorityDisinherit                  0x080028b5   Thumb Code   118  tasks.o(i.xTaskPriorityDisinherit)
    xTaskRemoveFromEventList                 0x08002935   Thumb Code    98  tasks.o(i.xTaskRemoveFromEventList)
    xTaskResumeAll                           0x080029a5   Thumb Code   182  tasks.o(i.xTaskResumeAll)
    xTimerCreate                             0x08002a69   Thumb Code    52  timers.o(i.xTimerCreate)
    xTimerCreateStatic                       0x08002a9d   Thumb Code    46  timers.o(i.xTimerCreateStatic)
    xTimerCreateTimerTask                    0x08002acd   Thumb Code    78  timers.o(i.xTimerCreateTimerTask)
    xTimerGenericCommand                     0x08002b2d   Thumb Code    98  timers.o(i.xTimerGenericCommand)
    _fp_init                                 0x08002b95   Thumb Code    10  fpinit.o(x$fpl$fpinit)
    __fplib_config_fpu_vfp                   0x08002b9d   Thumb Code     0  fpinit.o(x$fpl$fpinit)
    __fplib_config_pureend_doubles           0x08002b9d   Thumb Code     0  fpinit.o(x$fpl$fpinit)
    Task_One_attributes                      0x08002ba0   Data          36  freertos.o(.constdata)
    Timer_One_attributes                     0x08002bc4   Data          16  freertos.o(.constdata)
    Timer_Two_attributes                     0x08002bd4   Data          16  freertos.o(.constdata)
    AHBPrescTable                            0x08002be4   Data          16  system_stm32f4xx.o(.constdata)
    APBPrescTable                            0x08002bf4   Data           8  system_stm32f4xx.o(.constdata)
    Region$$Table$$Base                      0x08002c1c   Number         0  anon$$obj.o(Region$$Table)
    Region$$Table$$Limit                     0x08002c3c   Number         0  anon$$obj.o(Region$$Table)
    MyTimerOne_CallbackVar                   0x20000000   Data           2  freertos.o(.data)
    MyTimerTwo_CallbackVar                   0x20000002   Data           2  freertos.o(.data)
    Timer_ThreeHandle                        0x20000004   Data           4  freertos.o(.data)
    Task_OneHandle                           0x20000008   Data           4  freertos.o(.data)
    Timer_OneHandle                          0x2000000c   Data           4  freertos.o(.data)
    Timer_TwoHandle                          0x20000010   Data           4  freertos.o(.data)
    uwTickFreq                               0x20000014   Data           1  stm32f4xx_hal.o(.data)
    uwTickPrio                               0x20000018   Data           4  stm32f4xx_hal.o(.data)
    uwTick                                   0x2000001c   Data           4  stm32f4xx_hal.o(.data)
    SystemCoreClock                          0x20000020   Data           4  system_stm32f4xx.o(.data)
    pxCurrentTCB                             0x20000024   Data           4  tasks.o(.data)
    htim4                                    0x200000a4   Data          72  stm32f4xx_hal_timebase_tim.o(.bss)
    xQueueRegistry                           0x200000ec   Data          64  queue.o(.bss)
    __libspace_start                         0x200049c0   Data          96  libspace.o(.bss)
    __temporary_stack_top$libspace           0x20004a20   Data           0  libspace.o(.bss)



==============================================================================

Memory Map of the image

  Image Entry point : 0x08000195

  Load Region LR_IROM1 (Base: 0x08000000, Size: 0x00002ce0, Max: 0x00040000, ABSOLUTE)

    Execution Region ER_IROM1 (Base: 0x08000000, Size: 0x00002c3c, Max: 0x00040000, ABSOLUTE)

    Base Addr    Size         Type   Attr      Idx    E Section Name        Object

    0x08000000   0x00000194   Data   RO            3    RESET               startup_stm32f401xc.o
    0x08000194   0x00000008   Code   RO         4360  * !!!main             c_w.l(__main.o)
    0x0800019c   0x00000034   Code   RO         4528    !!!scatter          c_w.l(__scatter.o)
    0x080001d0   0x0000001a   Code   RO         4530    !!handler_copy      c_w.l(__scatter_copy.o)
    0x080001ea   0x00000002   PAD
    0x080001ec   0x0000001c   Code   RO         4532    !!handler_zi        c_w.l(__scatter_zi.o)
    0x08000208   0x00000002   Code   RO         4401    .ARM.Collect$$libinit$$00000000  c_w.l(libinit.o)
    0x0800020a   0x00000004   Code   RO         4413    .ARM.Collect$$libinit$$00000001  c_w.l(libinit2.o)
    0x0800020e   0x00000000   Code   RO         4417    .ARM.Collect$$libinit$$00000008  c_w.l(libinit2.o)
    0x0800020e   0x00000000   Code   RO         4419    .ARM.Collect$$libinit$$0000000A  c_w.l(libinit2.o)
    0x0800020e   0x00000000   Code   RO         4421    .ARM.Collect$$libinit$$0000000C  c_w.l(libinit2.o)
    0x0800020e   0x00000000   Code   RO         4424    .ARM.Collect$$libinit$$0000000F  c_w.l(libinit2.o)
    0x0800020e   0x00000000   Code   RO         4426    .ARM.Collect$$libinit$$00000011  c_w.l(libinit2.o)
    0x0800020e   0x00000000   Code   RO         4428    .ARM.Collect$$libinit$$00000013  c_w.l(libinit2.o)
    0x0800020e   0x00000000   Code   RO         4430    .ARM.Collect$$libinit$$00000015  c_w.l(libinit2.o)
    0x0800020e   0x00000000   Code   RO         4432    .ARM.Collect$$libinit$$00000017  c_w.l(libinit2.o)
    0x0800020e   0x00000000   Code   RO         4434    .ARM.Collect$$libinit$$00000019  c_w.l(libinit2.o)
    0x0800020e   0x00000000   Code   RO         4436    .ARM.Collect$$libinit$$0000001B  c_w.l(libinit2.o)
    0x0800020e   0x00000000   Code   RO         4438    .ARM.Collect$$libinit$$0000001D  c_w.l(libinit2.o)
    0x0800020e   0x00000000   Code   RO         4440    .ARM.Collect$$libinit$$0000001F  c_w.l(libinit2.o)
    0x0800020e   0x00000000   Code   RO         4442    .ARM.Collect$$libinit$$00000021  c_w.l(libinit2.o)
    0x0800020e   0x00000000   Code   RO         4444    .ARM.Collect$$libinit$$00000023  c_w.l(libinit2.o)
    0x0800020e   0x00000000   Code   RO         4448    .ARM.Collect$$libinit$$0000002A  c_w.l(libinit2.o)
    0x0800020e   0x00000000   Code   RO         4450    .ARM.Collect$$libinit$$0000002C  c_w.l(libinit2.o)
    0x0800020e   0x00000000   Code   RO         4452    .ARM.Collect$$libinit$$0000002E  c_w.l(libinit2.o)
    0x0800020e   0x00000000   Code   RO         4454    .ARM.Collect$$libinit$$00000030  c_w.l(libinit2.o)
    0x0800020e   0x00000002   Code   RO         4455    .ARM.Collect$$libinit$$00000031  c_w.l(libinit2.o)
    0x08000210   0x00000002   Code   RO         4486    .ARM.Collect$$libshutdown$$00000000  c_w.l(libshutdown.o)
    0x08000212   0x00000000   Code   RO         4513    .ARM.Collect$$libshutdown$$00000003  c_w.l(libshutdown2.o)
    0x08000212   0x00000000   Code   RO         4516    .ARM.Collect$$libshutdown$$00000006  c_w.l(libshutdown2.o)
    0x08000212   0x00000000   Code   RO         4519    .ARM.Collect$$libshutdown$$00000009  c_w.l(libshutdown2.o)
    0x08000212   0x00000000   Code   RO         4521    .ARM.Collect$$libshutdown$$0000000B  c_w.l(libshutdown2.o)
    0x08000212   0x00000000   Code   RO         4524    .ARM.Collect$$libshutdown$$0000000E  c_w.l(libshutdown2.o)
    0x08000212   0x00000002   Code   RO         4525    .ARM.Collect$$libshutdown$$0000000F  c_w.l(libshutdown2.o)
    0x08000214   0x00000000   Code   RO         4362    .ARM.Collect$$rtentry$$00000000  c_w.l(rtentry.o)
    0x08000214   0x00000000   Code   RO         4372    .ARM.Collect$$rtentry$$00000002  c_w.l(rtentry2.o)
    0x08000214   0x00000006   Code   RO         4384    .ARM.Collect$$rtentry$$00000004  c_w.l(rtentry4.o)
    0x0800021a   0x00000000   Code   RO         4374    .ARM.Collect$$rtentry$$00000009  c_w.l(rtentry2.o)
    0x0800021a   0x00000004   Code   RO         4375    .ARM.Collect$$rtentry$$0000000A  c_w.l(rtentry2.o)
    0x0800021e   0x00000000   Code   RO         4377    .ARM.Collect$$rtentry$$0000000C  c_w.l(rtentry2.o)
    0x0800021e   0x00000008   Code   RO         4378    .ARM.Collect$$rtentry$$0000000D  c_w.l(rtentry2.o)
    0x08000226   0x00000002   Code   RO         4405    .ARM.Collect$$rtexit$$00000000  c_w.l(rtexit.o)
    0x08000228   0x00000000   Code   RO         4459    .ARM.Collect$$rtexit$$00000002  c_w.l(rtexit2.o)
    0x08000228   0x00000004   Code   RO         4460    .ARM.Collect$$rtexit$$00000003  c_w.l(rtexit2.o)
    0x0800022c   0x00000006   Code   RO         4461    .ARM.Collect$$rtexit$$00000004  c_w.l(rtexit2.o)
    0x08000232   0x00000002   PAD
    0x08000234   0x000000be   Code   RO         4269    .emb_text           port.o
    0x080002f2   0x00000002   PAD
    0x080002f4   0x00000040   Code   RO            4    .text               startup_stm32f401xc.o
    0x08000334   0x000000ee   Code   RO         4348    .text               c_w.l(lludivv7m.o)
    0x08000422   0x0000008a   Code   RO         4350    .text               c_w.l(rt_memcpy_v6.o)
    0x080004ac   0x00000010   Code   RO         4354    .text               c_w.l(aeabi_memset.o)
    0x080004bc   0x0000004e   Code   RO         4356    .text               c_w.l(rt_memclr_w.o)
    0x0800050a   0x00000006   Code   RO         4358    .text               c_w.l(heapauxi.o)
    0x08000510   0x00000064   Code   RO         4367    .text               c_w.l(rt_memcpy_w.o)
    0x08000574   0x00000044   Code   RO         4369    .text               c_w.l(rt_memclr.o)
    0x080005b8   0x0000004a   Code   RO         4388    .text               c_w.l(sys_stackheap_outer.o)
    0x08000602   0x0000000c   Code   RO         4390    .text               c_w.l(exit.o)
    0x0800060e   0x00000002   PAD
    0x08000610   0x00000008   Code   RO         4402    .text               c_w.l(libspace.o)
    0x08000618   0x0000000c   Code   RO         4456    .text               c_w.l(sys_exit.o)
    0x08000624   0x00000002   Code   RO         4475    .text               c_w.l(use_no_semi.o)
    0x08000626   0x00000000   Code   RO         4477    .text               c_w.l(indicate_semi.o)
    0x08000626   0x00000002   Code   RO          276    i.BusFault_Handler  stm32f4xx_it.o
    0x08000628   0x00000002   Code   RO          277    i.DebugMon_Handler  stm32f4xx_it.o
    0x0800062a   0x00000010   Code   RO          785    i.HAL_GPIO_TogglePin  stm32f4xx_hal_gpio.o
    0x0800063a   0x00000002   PAD
    0x0800063c   0x0000000c   Code   RO         1338    i.HAL_GetTick       stm32f4xx_hal.o
    0x08000648   0x00000010   Code   RO         1344    i.HAL_IncTick       stm32f4xx_hal.o
    0x08000658   0x00000034   Code   RO         1345    i.HAL_Init          stm32f4xx_hal.o
    0x0800068c   0x00000074   Code   RO          364    i.HAL_InitTick      stm32f4xx_hal_timebase_tim.o
    0x08000700   0x00000038   Code   RO          340    i.HAL_MspInit       stm32f4xx_hal_msp.o
    0x08000738   0x0000001c   Code   RO         1195    i.HAL_NVIC_EnableIRQ  stm32f4xx_hal_cortex.o
    0x08000754   0x00000040   Code   RO         1201    i.HAL_NVIC_SetPriority  stm32f4xx_hal_cortex.o
    0x08000794   0x00000024   Code   RO         1202    i.HAL_NVIC_SetPriorityGrouping  stm32f4xx_hal_cortex.o
    0x080007b8   0x00000134   Code   RO          404    i.HAL_RCC_ClockConfig  stm32f4xx_hal_rcc.o
    0x080008ec   0x00000040   Code   RO          408    i.HAL_RCC_GetClockConfig  stm32f4xx_hal_rcc.o
    0x0800092c   0x00000020   Code   RO          411    i.HAL_RCC_GetPCLK1Freq  stm32f4xx_hal_rcc.o
    0x0800094c   0x00000064   Code   RO          413    i.HAL_RCC_GetSysClockFreq  stm32f4xx_hal_rcc.o
    0x080009b0   0x0000036c   Code   RO          416    i.HAL_RCC_OscConfig  stm32f4xx_hal_rcc.o
    0x08000d1c   0x00000002   Code   RO         2289    i.HAL_TIMEx_BreakCallback  stm32f4xx_hal_tim_ex.o
    0x08000d1e   0x00000002   Code   RO         2290    i.HAL_TIMEx_CommutCallback  stm32f4xx_hal_tim_ex.o
    0x08000d20   0x00000048   Code   RO         1585    i.HAL_TIM_Base_Init  stm32f4xx_hal_tim.o
    0x08000d68   0x00000002   Code   RO         1587    i.HAL_TIM_Base_MspInit  stm32f4xx_hal_tim.o
    0x08000d6a   0x00000002   PAD
    0x08000d6c   0x0000006c   Code   RO         1590    i.HAL_TIM_Base_Start_IT  stm32f4xx_hal_tim.o
    0x08000dd8   0x00000002   Code   RO         1619    i.HAL_TIM_IC_CaptureCallback  stm32f4xx_hal_tim.o
    0x08000dda   0x00000166   Code   RO         1633    i.HAL_TIM_IRQHandler  stm32f4xx_hal_tim.o
    0x08000f40   0x00000002   Code   RO         1636    i.HAL_TIM_OC_DelayElapsedCallback  stm32f4xx_hal_tim.o
    0x08000f42   0x00000002   Code   RO         1663    i.HAL_TIM_PWM_PulseFinishedCallback  stm32f4xx_hal_tim.o
    0x08000f44   0x00000014   Code   RO           14    i.HAL_TIM_PeriodElapsedCallback  main.o
    0x08000f58   0x00000002   Code   RO         1676    i.HAL_TIM_TriggerCallback  stm32f4xx_hal_tim.o
    0x08000f5a   0x00000002   Code   RO          278    i.HardFault_Handler  stm32f4xx_it.o
    0x08000f5c   0x000000b0   Code   RO          209    i.MX_FREERTOS_Init  freertos.o
    0x0800100c   0x0000001c   Code   RO          185    i.MX_GPIO_Init      gpio.o
    0x08001028   0x00000002   Code   RO          279    i.MemManage_Handler  stm32f4xx_it.o
    0x0800102a   0x00000002   PAD
    0x0800102c   0x00000010   Code   RO          210    i.MyTimerOne_Callback  freertos.o
    0x0800103c   0x00000010   Code   RO          211    i.MyTimerTwo_Callback  freertos.o
    0x0800104c   0x00000038   Code   RO          212    i.MyTimer_Callback  freertos.o
    0x08001084   0x00000002   Code   RO          280    i.NMI_Handler       stm32f4xx_it.o
    0x08001086   0x0000001a   Code   RO         3701    i.SysTick_Handler   cmsis_os2.o
    0x080010a0   0x00000080   Code   RO           15    i.SystemClock_Config  main.o
    0x08001120   0x00000010   Code   RO         2557    i.SystemInit        system_stm32f4xx.o
    0x08001130   0x0000000c   Code   RO          281    i.TIM4_IRQHandler   stm32f4xx_it.o
    0x0800113c   0x00000098   Code   RO         1678    i.TIM_Base_SetConfig  stm32f4xx_hal_tim.o
    0x080011d4   0x00000020   Code   RO          213    i.TaskOne           freertos.o
    0x080011f4   0x00000018   Code   RO         3702    i.TimerCallback     cmsis_os2.o
    0x0800120c   0x00000002   Code   RO          282    i.UsageFault_Handler  stm32f4xx_it.o
    0x0800120e   0x00000002   PAD
    0x08001210   0x00000020   Code   RO         1208    i.__NVIC_SetPriority  stm32f4xx_hal_cortex.o
    0x08001230   0x0000001a   Code   RO           16    i.main              main.o
    0x0800124a   0x0000001a   Code   RO         3703    i.osDelay           cmsis_os2.o
    0x08001264   0x00000024   Code   RO         3717    i.osKernelInitialize  cmsis_os2.o
    0x08001288   0x00000038   Code   RO         3720    i.osKernelStart     cmsis_os2.o
    0x080012c0   0x00000088   Code   RO         3762    i.osThreadNew       cmsis_os2.o
    0x08001348   0x00000078   Code   RO         3771    i.osTimerNew        cmsis_os2.o
    0x080013c0   0x00000032   Code   RO         3772    i.osTimerStart      cmsis_os2.o
    0x080013f2   0x00000002   PAD
    0x080013f4   0x0000005c   Code   RO         3162    i.prvAddCurrentTaskToDelayedList  tasks.o
    0x08001450   0x000000d0   Code   RO         3163    i.prvAddNewTaskToReadyList  tasks.o
    0x08001520   0x00000058   Code   RO         3527    i.prvCheckForValidListAndQueue  timers.o
    0x08001578   0x00000026   Code   RO         2759    i.prvCopyDataFromQueue  queue.o
    0x0800159e   0x0000006c   Code   RO         2760    i.prvCopyDataToQueue  queue.o
    0x0800160a   0x00000034   Code   RO         3164    i.prvDeleteTCB      tasks.o
    0x0800163e   0x00000002   PAD
    0x08001640   0x0000004c   Code   RO         4214    i.prvHeapInit       heap_4.o
    0x0800168c   0x00000060   Code   RO         3165    i.prvIdleTask       tasks.o
    0x080016ec   0x00000022   Code   RO         2762    i.prvInitialiseNewQueue  queue.o
    0x0800170e   0x00000002   PAD
    0x08001710   0x000000b0   Code   RO         3166    i.prvInitialiseNewTask  tasks.o
    0x080017c0   0x0000004e   Code   RO         3528    i.prvInitialiseNewTimer  timers.o
    0x0800180e   0x00000002   PAD
    0x08001810   0x0000004c   Code   RO         4215    i.prvInsertBlockIntoFreeList  heap_4.o
    0x0800185c   0x00000038   Code   RO         3529    i.prvInsertTimerInActiveList  timers.o
    0x08001894   0x0000001c   Code   RO         2763    i.prvIsQueueEmpty   queue.o
    0x080018b0   0x000000fc   Code   RO         3530    i.prvProcessReceivedCommands  timers.o
    0x080019ac   0x000000c0   Code   RO         3531    i.prvProcessTimerOrBlockTask  timers.o
    0x08001a6c   0x00000020   Code   RO         3168    i.prvResetNextTaskUnblockTime  tasks.o
    0x08001a8c   0x00000028   Code   RO         3532    i.prvSampleTimeNow  timers.o
    0x08001ab4   0x0000006c   Code   RO         3533    i.prvSwitchTimerLists  timers.o
    0x08001b20   0x00000020   Code   RO         4270    i.prvTaskExitError  port.o
    0x08001b40   0x00000024   Code   RO         3534    i.prvTimerTask      timers.o
    0x08001b64   0x0000006a   Code   RO         2764    i.prvUnlockQueue    queue.o
    0x08001bce   0x00000002   PAD
    0x08001bd0   0x000000dc   Code   RO         4216    i.pvPortMalloc      heap_4.o
    0x08001cac   0x00000024   Code   RO         3535    i.pvTimerGetTimerID  timers.o
    0x08001cd0   0x0000002c   Code   RO         4271    i.pxPortInitialiseStack  port.o
    0x08001cfc   0x00000026   Code   RO         2719    i.uxListRemove      list.o
    0x08001d22   0x00000002   PAD
    0x08001d24   0x00000014   Code   RO         3774    i.vApplicationGetIdleTaskMemory  cmsis_os2.o
    0x08001d38   0x00000018   Code   RO         3775    i.vApplicationGetTimerTaskMemory  cmsis_os2.o
    0x08001d50   0x00000016   Code   RO         2720    i.vListInitialise   list.o
    0x08001d66   0x00000006   Code   RO         2721    i.vListInitialiseItem  list.o
    0x08001d6c   0x00000030   Code   RO         2722    i.vListInsert       list.o
    0x08001d9c   0x00000018   Code   RO         2723    i.vListInsertEnd    list.o
    0x08001db4   0x00000040   Code   RO         4273    i.vPortEnterCritical  port.o
    0x08001df4   0x00000028   Code   RO         4274    i.vPortExitCritical  port.o
    0x08001e1c   0x00000064   Code   RO         4217    i.vPortFree         heap_4.o
    0x08001e80   0x00000024   Code   RO         4275    i.vPortSetupTimerInterrupt  port.o
    0x08001ea4   0x00000054   Code   RO         4276    i.vPortValidateInterruptPriority  port.o
    0x08001ef8   0x00000028   Code   RO         2770    i.vQueueAddToRegistry  queue.o
    0x08001f20   0x00000046   Code   RO         2774    i.vQueueWaitForMessageRestricted  queue.o
    0x08001f66   0x00000002   PAD
    0x08001f68   0x0000004c   Code   RO         3181    i.vTaskDelay        tasks.o
    0x08001fb4   0x00000010   Code   RO         3186    i.vTaskInternalSetTimeOutState  tasks.o
    0x08001fc4   0x0000000c   Code   RO         3187    i.vTaskMissedYield  tasks.o
    0x08001fd0   0x00000030   Code   RO         3189    i.vTaskPlaceOnEventList  tasks.o
    0x08002000   0x00000038   Code   RO         3190    i.vTaskPlaceOnEventListRestricted  tasks.o
    0x08002038   0x00000088   Code   RO         3198    i.vTaskStartScheduler  tasks.o
    0x080020c0   0x00000010   Code   RO         3200    i.vTaskSuspendAll   tasks.o
    0x080020d0   0x00000064   Code   RO         3201    i.vTaskSwitchContext  tasks.o
    0x08002134   0x000000f8   Code   RO         4277    i.xPortStartScheduler  port.o
    0x0800222c   0x0000002c   Code   RO         4278    i.xPortSysTickHandler  port.o
    0x08002258   0x00000066   Code   RO         2780    i.xQueueGenericCreateStatic  queue.o
    0x080022be   0x00000002   PAD
    0x080022c0   0x00000088   Code   RO         2781    i.xQueueGenericReset  queue.o
    0x08002348   0x00000160   Code   RO         2782    i.xQueueGenericSend  queue.o
    0x080024a8   0x000000be   Code   RO         2783    i.xQueueGenericSendFromISR  queue.o
    0x08002566   0x00000002   PAD
    0x08002568   0x00000138   Code   RO         2792    i.xQueueReceive     queue.o
    0x080026a0   0x00000074   Code   RO         3203    i.xTaskCheckForTimeOut  tasks.o
    0x08002714   0x0000005a   Code   RO         3204    i.xTaskCreate       tasks.o
    0x0800276e   0x00000056   Code   RO         3205    i.xTaskCreateStatic  tasks.o
    0x080027c4   0x0000001c   Code   RO         3209    i.xTaskGetSchedulerState  tasks.o
    0x080027e0   0x0000000c   Code   RO         3210    i.xTaskGetTickCount  tasks.o
    0x080027ec   0x000000c8   Code   RO         3212    i.xTaskIncrementTick  tasks.o
    0x080028b4   0x00000080   Code   RO         3215    i.xTaskPriorityDisinherit  tasks.o
    0x08002934   0x00000070   Code   RO         3217    i.xTaskRemoveFromEventList  tasks.o
    0x080029a4   0x000000c4   Code   RO         3218    i.xTaskResumeAll    tasks.o
    0x08002a68   0x00000034   Code   RO         3541    i.xTimerCreate      timers.o
    0x08002a9c   0x0000002e   Code   RO         3542    i.xTimerCreateStatic  timers.o
    0x08002aca   0x00000002   PAD
    0x08002acc   0x00000060   Code   RO         3543    i.xTimerCreateTimerTask  timers.o
    0x08002b2c   0x00000068   Code   RO         3544    i.xTimerGenericCommand  timers.o
    0x08002b94   0x0000000a   Code   RO         4471    x$fpl$fpinit        fz_wm.l(fpinit.o)
    0x08002b9e   0x00000002   PAD
    0x08002ba0   0x00000044   Data   RO          214    .constdata          freertos.o
    0x08002be4   0x00000010   Data   RO         2558    .constdata          system_stm32f4xx.o
    0x08002bf4   0x00000008   Data   RO         2559    .constdata          system_stm32f4xx.o
    0x08002bfc   0x0000001d   Data   RO          215    .conststring        freertos.o
    0x08002c19   0x00000003   PAD
    0x08002c1c   0x00000020   Data   RO         4526    Region$$Table       anon$$obj.o


    Execution Region RW_IRAM1 (Base: 0x20000000, Size: 0x00005020, Max: 0x00010000, ABSOLUTE)

    Base Addr    Size         Type   Attr      Idx    E Section Name        Object

    0x20000000   0x00000014   Data   RW          216    .data               freertos.o
    0x20000014   0x0000000c   Data   RW         1352    .data               stm32f4xx_hal.o
    0x20000020   0x00000004   Data   RW         2560    .data               system_stm32f4xx.o
    0x20000024   0x0000003c   Data   RW         3221    .data               tasks.o
    0x20000060   0x00000014   Data   RW         3552    .data               timers.o
    0x20000074   0x00000004   Data   RW         3777    .data               cmsis_os2.o
    0x20000078   0x00000020   Data   RW         4223    .data               heap_4.o
    0x20000098   0x0000000c   Data   RW         4279    .data               port.o
    0x200000a4   0x00000048   Zero   RW          367    .bss                stm32f4xx_hal_timebase_tim.o
    0x200000ec   0x00000040   Zero   RW         2796    .bss                queue.o
    0x2000012c   0x000004c4   Zero   RW         3220    .bss                tasks.o
    0x200005f0   0x00000118   Zero   RW         3551    .bss                timers.o
    0x20000708   0x000006b8   Zero   RW         3776    .bss                cmsis_os2.o
    0x20000dc0   0x00003c00   Zero   RW         4222    .bss                heap_4.o
    0x200049c0   0x00000060   Zero   RW         4403    .bss                c_w.l(libspace.o)
    0x20004a20   0x00000200   Zero   RW            2    HEAP                startup_stm32f401xc.o
    0x20004c20   0x00000400   Zero   RW            1    STACK               startup_stm32f401xc.o


==============================================================================

Image component sizes


      Code (inc. data)   RO Data    RW Data    ZI Data      Debug   Object Name

       518         28          0          4       1720      66067   cmsis_os2.o
         0          0          0          0          0      19168   event_groups.o
       296         76         97         20          0       6081   freertos.o
        28          6          0          0          0        691   gpio.o
       472         24          0         32      15360       4423   heap_4.o
       138          0          0          0          0       3146   list.o
       174         14          0          0          0     419584   main.o
       782         80          0         12          0      10953   port.o
      1516         20          0          0         64      15300   queue.o
        64         26        404          0       1536        800   startup_stm32f401xc.o
        80         14          0         12          0       7726   stm32f4xx_hal.o
       160         24          0          0          0      32642   stm32f4xx_hal_cortex.o
        16          0          0          0          0        897   stm32f4xx_hal_gpio.o
        56          4          0          0          0        794   stm32f4xx_hal_msp.o
      1380         74          0          0          0       4818   stm32f4xx_hal_rcc.o
       700         50          0          0          0       6776   stm32f4xx_hal_tim.o
         4          0          0          0          0       1489   stm32f4xx_hal_tim_ex.o
       116         18          0          0         72       1283   stm32f4xx_hal_timebase_tim.o
        24          6          0          0          0       2999   stm32f4xx_it.o
         0          0          0          0          0        380   stream_buffer.o
        16          4         24          4          0       1019   system_stm32f4xx.o
      2084        168          0         60       1220      24408   tasks.o
      1184         80          0         20        280      34079   timers.o

    ----------------------------------------------------------------------
      9838        716        560        164      20252     665523   Object Totals
         0          0         32          0          0          0   (incl. Generated)
        30          0          3          0          0          0   (incl. Padding)

    ----------------------------------------------------------------------

      Code (inc. data)   RO Data    RW Data    ZI Data      Debug   Library Member Name

         8          0          0          0          0         68   __main.o
        52          8          0          0          0          0   __scatter.o
        26          0          0          0          0          0   __scatter_copy.o
        28          0          0          0          0          0   __scatter_zi.o
        16          0          0          0          0         68   aeabi_memset.o
        12          0          0          0          0         72   exit.o
         6          0          0          0          0        152   heapauxi.o
         0          0          0          0          0          0   indicate_semi.o
         2          0          0          0          0          0   libinit.o
         6          0          0          0          0          0   libinit2.o
         2          0          0          0          0          0   libshutdown.o
         2          0          0          0          0          0   libshutdown2.o
         8          4          0          0         96         68   libspace.o
       238          0          0          0          0        100   lludivv7m.o
        68          0          0          0          0         68   rt_memclr.o
        78          0          0          0          0         80   rt_memclr_w.o
       138          0          0          0          0         68   rt_memcpy_v6.o
       100          0          0          0          0         80   rt_memcpy_w.o
         0          0          0          0          0          0   rtentry.o
        12          0          0          0          0          0   rtentry2.o
         6          0          0          0          0          0   rtentry4.o
         2          0          0          0          0          0   rtexit.o
        10          0          0          0          0          0   rtexit2.o
        12          4          0          0          0         68   sys_exit.o
        74          0          0          0          0         80   sys_stackheap_outer.o
         2          0          0          0          0         68   use_no_semi.o
        10          0          0          0          0        116   fpinit.o

    ----------------------------------------------------------------------
       926         16          0          0         96       1156   Library Totals
         8          0          0          0          0          0   (incl. Padding)

    ----------------------------------------------------------------------

      Code (inc. data)   RO Data    RW Data    ZI Data      Debug   Library Name

       908         16          0          0         96       1040   c_w.l
        10          0          0          0          0        116   fz_wm.l

    ----------------------------------------------------------------------
       926         16          0          0         96       1156   Library Totals

    ----------------------------------------------------------------------

==============================================================================


      Code (inc. data)   RO Data    RW Data    ZI Data      Debug   

     10764        732        560        164      20348     654907   Grand Totals
     10764        732        560        164      20348     654907   ELF Image Totals
     10764        732        560        164          0          0   ROM Totals

==============================================================================

    Total RO  Size (Code + RO Data)                11324 (  11.06kB)
    Total RW  Size (RW Data + ZI Data)             20512 (  20.03kB)
    Total ROM Size (Code + RO Data + RW Data)      11488 (  11.22kB)

==============================================================================

